Component: ARM Compiler 5.06 update 6 (build 750) Tool: armlink [4d35ed]

==============================================================================

Section Cross References

    startup_stm32f0xx.o(RESET) refers to startup_stm32f0xx.o(STACK) for __initial_sp
    startup_stm32f0xx.o(RESET) refers to startup_stm32f0xx.o(.text) for Reset_Handler
    startup_stm32f0xx.o(RESET) refers to stm32f0xx_it.o(i.NMI_Handler) for NMI_Handler
    startup_stm32f0xx.o(RESET) refers to stm32f0xx_it.o(i.HardFault_Handler) for HardFault_Handler
    startup_stm32f0xx.o(RESET) refers to stm32f0xx_it.o(i.SVC_Handler) for SVC_Handler
    startup_stm32f0xx.o(RESET) refers to stm32f0xx_it.o(i.PendSV_Handler) for PendSV_Handler
    startup_stm32f0xx.o(RESET) refers to stm32f0xx_it.o(i.SysTick_Handler) for SysTick_Handler
    startup_stm32f0xx.o(RESET) refers to stm32f0xx_it.o(i.RTC_IRQHandler) for RTC_IRQHandler
    startup_stm32f0xx.o(RESET) refers to stm32f0xx_it.o(i.TIM14_IRQHandler) for TIM14_IRQHandler
    startup_stm32f0xx.o(RESET) refers to stm32f0xx_it.o(i.USART1_IRQHandler) for USART1_IRQHandler
    startup_stm32f0xx.o(.text) refers to startup_stm32f0xx.o(STACK) for __initial_sp
    startup_stm32f0xx.o(.text) refers to system_stm32f0xx.o(i.SystemInit) for SystemInit
    startup_stm32f0xx.o(.text) refers to entry.o(.ARM.Collect$$$$00000000) for __main
    system_stm32f0xx.o(i.SystemCoreClockUpdate) refers to uidiv.o(.text) for __aeabi_uidivmod
    system_stm32f0xx.o(i.SystemCoreClockUpdate) refers to system_stm32f0xx.o(.data) for SystemCoreClock
    system_stm32f0xx.o(i.SystemInit) refers to system_stm32f0xx.o(i.SetSysClock) for SetSysClock
    main.o(i.main) refers to user.o(i._RTC_Config) for _RTC_Config
    main.o(i.main) refers to user.o(i.TIM_Config) for TIM_Config
    main.o(i.main) refers to blue_uart.o(i.BLE_USARTConfig) for BLE_USARTConfig
    main.o(i.main) refers to user.o(i.Flash2PinMAC) for Flash2PinMAC
    main.o(i.main) refers to user.o(i.Flash2Arr) for Flash2Arr
    main.o(i.main) refers to user.o(i.TimeOut_Reset) for TimeOut_Reset
    main.o(i.main) refers to blue_uart.o(i.BLE_ReturnRecentNotificationAT) for BLE_ReturnRecentNotificationAT
    main.o(i.main) refers to blue_uart.o(i.BLE_ReceivedFromCentral) for BLE_ReceivedFromCentral
    main.o(i.main) refers to user.o(i.GetCMD) for GetCMD
    main.o(i.main) refers to user.o(i.CheckSignIn) for CheckSignIn
    main.o(i.main) refers to blue_uart.o(i.BLE_Response) for BLE_Response
    main.o(i.main) refers to user.o(i.PinMAC2Flash) for PinMAC2Flash
    main.o(i.main) refers to user.o(i.SetTimeCurrent) for SetTimeCurrent
    main.o(i.main) refers to user.o(i.UpdateSetAlarm) for UpdateSetAlarm
    main.o(i.main) refers to user.o(i.Illuminate_Normal) for Illuminate_Normal
    main.o(i.main) refers to blue_uart.o(i.BLE_SetFlagTransATComplete) for BLE_SetFlagTransATComplete
    main.o(i.main) refers to blue_uart.o(i.BLE_SendNewAT) for BLE_SendNewAT
    main.o(i.main) refers to blue_uart.o(i.BLE_ReSendAT) for BLE_ReSendAT
    main.o(i.main) refers to blue_uart.o(i.BLE_GetModeID) for BLE_GetModeID
    main.o(i.main) refers to main.o(i.__ARM_common_switch8) for __ARM_common_switch8
    main.o(i.main) refers to user.o(i.SetSizeArrAlarm) for SetSizeArrAlarm
    main.o(i.main) refers to user.o(i.CheckReceiveAllAlarm) for CheckReceiveAllAlarm
    main.o(i.main) refers to user.o(i.UpdateArrAlarm) for UpdateArrAlarm
    main.o(i.main) refers to user.o(i.SortAlarm) for SortAlarm
    main.o(i.main) refers to user.o(i.Arr2Flash) for Arr2Flash
    main.o(i.main) refers to user.o(i.GetMAC) for GetMAC
    main.o(i.main) refers to user.o(i.NotifiConnect2Central) for NotifiConnect2Central
    main.o(i.main) refers to blue_uart.o(i.BLE_SendReset) for BLE_SendReset
    main.o(i.main) refers to user.o(i.GATE_StartForward2Node) for GATE_StartForward2Node
    main.o(i.main) refers to user.o(i.CheckControlForIt) for CheckControlForIt
    main.o(i.main) refers to user.o(i.CheckForwardComplete) for CheckForwardComplete
    main.o(i.main) refers to user.o(i.GATE_CreateGroup) for GATE_CreateGroup
    main.o(i.main) refers to blue_uart.o(i.BLE_ReceivedFromNode) for BLE_ReceivedFromNode
    main.o(i.main) refers to user.o(i.GATE_AddMAC) for GATE_AddMAC
    main.o(i.main) refers to blue_uart.o(i.BLE_Send2Central) for BLE_Send2Central
    main.o(i.main) refers to blue_uart.o(i.GetStatusRecentAT) for GetStatusRecentAT
    main.o(i.main) refers to user.o(i.GetFlagRestartForward) for GetFlagRestartForward
    main.o(i.main) refers to user.o(i.GATE_Forward2Node) for GATE_Forward2Node
    main.o(i.main) refers to user.o(i.SetFlagRestartForward) for SetFlagRestartForward
    main.o(i.main) refers to blue_uart.o(i.BLE_GetNodeID) for BLE_GetNodeID
    main.o(i.main) refers to user.o(i.GATE_AddIdNode) for GATE_AddIdNode
    main.o(i.main) refers to user.o(i.FindMACFromId) for FindMACFromId
    main.o(i.main) refers to user.o(i.GATE_RemoveIdNode) for GATE_RemoveIdNode
[...]
    Removing stm32f0xx_syscfg.o(.revsh_text), (4 bytes).
    Removing stm32f0xx_syscfg.o(i.SYSCFG_BreakConfig), (16 bytes).
    Removing stm32f0xx_syscfg.o(i.SYSCFG_ClearFlag), (16 bytes).
    Removing stm32f0xx_syscfg.o(i.SYSCFG_DMAChannelRemapConfig), (32 bytes).
    Removing stm32f0xx_syscfg.o(i.SYSCFG_DeInit), (44 bytes).
    Removing stm32f0xx_syscfg.o(i.SYSCFG_EXTILineConfig), (64 bytes).
    Removing stm32f0xx_syscfg.o(i.SYSCFG_GetFlagStatus), (32 bytes).
    Removing stm32f0xx_syscfg.o(i.SYSCFG_GetPendingIT), (24 bytes).
    Removing stm32f0xx_syscfg.o(i.SYSCFG_I2CFastModePlusConfig), (32 bytes).
    Removing stm32f0xx_syscfg.o(i.SYSCFG_IRDAEnvSelection), (28 bytes).
    Removing stm32f0xx_syscfg.o(i.SYSCFG_MemoryRemapConfig), (28 bytes).
    Removing stm32f0xx_tim.o(.rev16_text), (4 bytes).
    Removing stm32f0xx_tim.o(.revsh_text), (4 bytes).
    Removing stm32f0xx_tim.o(i.TIM_ARRPreloadConfig), (28 bytes).
    Removing stm32f0xx_tim.o(i.TIM_BDTRConfig), (32 bytes).
    Removing stm32f0xx_tim.o(i.TIM_BDTRStructInit), (18 bytes).
    Removing stm32f0xx_tim.o(i.TIM_CCPreloadControl), (28 bytes).
    Removing stm32f0xx_tim.o(i.TIM_CCxCmd), (30 bytes).
    Removing stm32f0xx_tim.o(i.TIM_CCxNCmd), (30 bytes).
    Removing stm32f0xx_tim.o(i.TIM_ClearFlag), (6 bytes).
    Removing stm32f0xx_tim.o(i.TIM_ClearOC1Ref), (24 bytes).
    Removing stm32f0xx_tim.o(i.TIM_ClearOC2Ref), (20 bytes).
    Removing stm32f0xx_tim.o(i.TIM_ClearOC3Ref), (24 bytes).
    Removing stm32f0xx_tim.o(i.TIM_ClearOC4Ref), (20 bytes).
    Removing stm32f0xx_tim.o(i.TIM_CounterModeConfig), (24 bytes).
    Removing stm32f0xx_tim.o(i.TIM_DMACmd), (20 bytes).
    Removing stm32f0xx_tim.o(i.TIM_DMAConfig), (12 bytes).
    Removing stm32f0xx_tim.o(i.TIM_ETRClockMode1Config), (52 bytes).
    Removing stm32f0xx_tim.o(i.TIM_ETRClockMode2Config), (34 bytes).
    Removing stm32f0xx_tim.o(i.TIM_ETRConfig), (24 bytes).
    Removing stm32f0xx_tim.o(i.TIM_EncoderInterfaceConfig), (68 bytes).
    Removing stm32f0xx_tim.o(i.TIM_ForcedOC1Config), (24 bytes).
    Removing stm32f0xx_tim.o(i.TIM_ForcedOC2Config), (24 bytes).
    Removing stm32f0xx_tim.o(i.TIM_ForcedOC3Config), (24 bytes).
    Removing stm32f0xx_tim.o(i.TIM_ForcedOC4Config), (24 bytes).
    Removing stm32f0xx_tim.o(i.TIM_GenerateEvent), (4 bytes).
    Removing stm32f0xx_tim.o(i.TIM_GetCapture2), (6 bytes).
    Removing stm32f0xx_tim.o(i.TIM_GetCapture3), (6 bytes).
    Removing stm32f0xx_tim.o(i.TIM_GetCapture4), (6 bytes).
    Removing stm32f0xx_tim.o(i.TIM_GetCounter), (6 bytes).
    Removing stm32f0xx_tim.o(i.TIM_GetFlagStatus), (20 bytes).
    Removing stm32f0xx_tim.o(i.TIM_GetPrescaler), (6 bytes).
    Removing stm32f0xx_tim.o(i.TIM_ICStructInit), (18 bytes).
    Removing stm32f0xx_tim.o(i.TIM_ITRxExternalClockConfig), (24 bytes).
    Removing stm32f0xx_tim.o(i.TIM_InternalClockConfig), (16 bytes).
    Removing stm32f0xx_tim.o(i.TIM_OC1FastConfig), (24 bytes).
    Removing stm32f0xx_tim.o(i.TIM_OC1NPolarityConfig), (24 bytes).
    Removing stm32f0xx_tim.o(i.TIM_OC1PolarityConfig), (24 bytes).
    Removing stm32f0xx_tim.o(i.TIM_OC1PreloadConfig), (24 bytes).
    Removing stm32f0xx_tim.o(i.TIM_OC2FastConfig), (24 bytes).
    Removing stm32f0xx_tim.o(i.TIM_OC2NPolarityConfig), (24 bytes).
    Removing stm32f0xx_tim.o(i.TIM_OC2PolarityConfig), (24 bytes).
    Removing stm32f0xx_tim.o(i.TIM_OC2PreloadConfig), (24 bytes).
    Removing stm32f0xx_tim.o(i.TIM_OC3FastConfig), (24 bytes).
    Removing stm32f0xx_tim.o(i.TIM_OC3Init), (152 bytes).
    Removing stm32f0xx_tim.o(i.TIM_OC3NPolarityConfig), (24 bytes).
    Removing stm32f0xx_tim.o(i.TIM_OC3PolarityConfig), (24 bytes).
    Removing stm32f0xx_tim.o(i.TIM_OC3PreloadConfig), (24 bytes).
    Removing stm32f0xx_tim.o(i.TIM_OC4FastConfig), (24 bytes).
    Removing stm32f0xx_tim.o(i.TIM_OC4Init), (112 bytes).
    Removing stm32f0xx_tim.o(i.TIM_OC4PolarityConfig), (24 bytes).
    Removing stm32f0xx_tim.o(i.TIM_OC4PreloadConfig), (24 bytes).
    Removing stm32f0xx_tim.o(i.TIM_OCStructInit), (20 bytes).
    Removing stm32f0xx_tim.o(i.TIM_PWMIConfig), (124 bytes).
    Removing stm32f0xx_tim.o(i.TIM_SelectCCDMA), (28 bytes).
    Removing stm32f0xx_tim.o(i.TIM_SelectCOM), (28 bytes).
    Removing stm32f0xx_tim.o(i.TIM_SelectHallSensor), (28 bytes).
    Removing stm32f0xx_tim.o(i.TIM_SelectInputTrigger), (24 bytes).
    Removing stm32f0xx_tim.o(i.TIM_SelectMasterSlaveMode), (20 bytes).
    Removing stm32f0xx_tim.o(i.TIM_SelectOCREFClear), (20 bytes).
    Removing stm32f0xx_tim.o(i.TIM_SelectOCxM), (82 bytes).
    Removing stm32f0xx_tim.o(i.TIM_SelectOnePulseMode), (20 bytes).
    Removing stm32f0xx_tim.o(i.TIM_SelectOutputTrigger), (20 bytes).
    Removing stm32f0xx_tim.o(i.TIM_SelectSlaveMode), (20 bytes).
    Removing stm32f0xx_tim.o(i.TIM_SetAutoreload), (4 bytes).
    Removing stm32f0xx_tim.o(i.TIM_SetClockDivision), (20 bytes).
    Removing stm32f0xx_tim.o(i.TIM_SetCompare1), (4 bytes).
    Removing stm32f0xx_tim.o(i.TIM_SetCompare2), (4 bytes).
    Removing stm32f0xx_tim.o(i.TIM_SetCompare3), (4 bytes).
    Removing stm32f0xx_tim.o(i.TIM_SetCompare4), (4 bytes).
    Removing stm32f0xx_tim.o(i.TIM_SetCounter), (4 bytes).
    Removing stm32f0xx_tim.o(i.TIM_TIxExternalClockConfig), (58 bytes).
    Removing stm32f0xx_tim.o(i.TIM_TimeBaseStructInit), (18 bytes).
    Removing stm32f0xx_tim.o(i.TIM_UpdateDisableConfig), (28 bytes).
    Removing stm32f0xx_tim.o(i.TIM_UpdateRequestConfig), (28 bytes).
    Removing stm32f0xx_usart.o(.rev16_text), (4 bytes).
    Removing stm32f0xx_usart.o(.revsh_text), (4 bytes).
    Removing stm32f0xx_usart.o(i.USART_AddressDetectionConfig), (16 bytes).
    Removing stm32f0xx_usart.o(i.USART_AutoBaudRateCmd), (28 bytes).
    Removing stm32f0xx_usart.o(i.USART_AutoBaudRateConfig), (18 bytes).
    Removing stm32f0xx_usart.o(i.USART_ClearFlag), (4 bytes).
    Removing stm32f0xx_usart.o(i.USART_ClearITPendingBit), (18 bytes).
    Removing stm32f0xx_usart.o(i.USART_ClockInit), (36 bytes).
    Removing stm32f0xx_usart.o(i.USART_ClockStructInit), (12 bytes).
    Removing stm32f0xx_usart.o(i.USART_DECmd), (28 bytes).
    Removing stm32f0xx_usart.o(i.USART_DEPolarityConfig), (18 bytes).
    Removing stm32f0xx_usart.o(i.USART_DMACmd), (20 bytes).
    Removing stm32f0xx_usart.o(i.USART_DMAReceptionErrorConfig), (18 bytes).
    Removing stm32f0xx_usart.o(i.USART_DataInvCmd), (28 bytes).
    Removing stm32f0xx_usart.o(i.USART_DirectionModeCmd), (20 bytes).
    Removing stm32f0xx_usart.o(i.USART_GetFlagStatus), (20 bytes).
    Removing stm32f0xx_usart.o(i.USART_HalfDuplexCmd), (24 bytes).
    Removing stm32f0xx_usart.o(i.USART_InvPinCmd), (20 bytes).
    Removing stm32f0xx_usart.o(i.USART_IrDACmd), (24 bytes).
    Removing stm32f0xx_usart.o(i.USART_IrDAConfig), (16 bytes).
    Removing stm32f0xx_usart.o(i.USART_LINBreakDetectLengthConfig), (16 bytes).
    Removing stm32f0xx_usart.o(i.USART_LINCmd), (28 bytes).
    Removing stm32f0xx_usart.o(i.USART_MSBFirstCmd), (28 bytes).
    Removing stm32f0xx_usart.o(i.USART_MuteModeCmd), (28 bytes).
    Removing stm32f0xx_usart.o(i.USART_MuteModeWakeUpConfig), (18 bytes).
    Removing stm32f0xx_usart.o(i.USART_OneBitMethodCmd), (28 bytes).
    Removing stm32f0xx_usart.o(i.USART_OverSampling8Cmd), (28 bytes).
    Removing stm32f0xx_usart.o(i.USART_OverrunDetectionConfig), (18 bytes).
    Removing stm32f0xx_usart.o(i.USART_ReceiverTimeOutCmd), (28 bytes).
    Removing stm32f0xx_usart.o(i.USART_RequestCmd), (20 bytes).
    Removing stm32f0xx_usart.o(i.USART_STOPModeCmd), (24 bytes).
    Removing stm32f0xx_usart.o(i.USART_SWAPPinCmd), (28 bytes).
    Removing stm32f0xx_usart.o(i.USART_SetAddress), (18 bytes).
    Removing stm32f0xx_usart.o(i.USART_SetAutoRetryCount), (20 bytes).
    Removing stm32f0xx_usart.o(i.USART_SetBlockLength), (18 bytes).
    Removing stm32f0xx_usart.o(i.USART_SetDEAssertionTime), (20 bytes).
    Removing stm32f0xx_usart.o(i.USART_SetDEDeassertionTime), (20 bytes).
    Removing stm32f0xx_usart.o(i.USART_SetGuardTime), (16 bytes).
    Removing stm32f0xx_usart.o(i.USART_SetPrescaler), (18 bytes).
    Removing stm32f0xx_usart.o(i.USART_SetReceiverTimeOut), (16 bytes).
    Removing stm32f0xx_usart.o(i.USART_SmartCardCmd), (24 bytes).
    Removing stm32f0xx_usart.o(i.USART_SmartCardNACKCmd), (24 bytes).
    Removing stm32f0xx_usart.o(i.USART_StopModeWakeUpSourceConfig), (18 bytes).
    Removing stm32f0xx_usart.o(i.USART_StructInit), (24 bytes).
    Removing stm32f0xx_wwdg.o(.rev16_text), (4 bytes).
    Removing stm32f0xx_wwdg.o(.revsh_text), (4 bytes).
    Removing stm32f0xx_wwdg.o(i.WWDG_ClearFlag), (12 bytes).
    Removing stm32f0xx_wwdg.o(i.WWDG_DeInit), (22 bytes).
    Removing stm32f0xx_wwdg.o(i.WWDG_Enable), (16 bytes).
    Removing stm32f0xx_wwdg.o(i.WWDG_EnableIT), (20 bytes).
    Removing stm32f0xx_wwdg.o(i.WWDG_GetFlagStatus), (24 bytes).
    Removing stm32f0xx_wwdg.o(i.WWDG_SetCounter), (16 bytes).
    Removing stm32f0xx_wwdg.o(i.WWDG_SetPrescaler), (32 bytes).
    Removing stm32f0xx_wwdg.o(i.WWDG_SetWindowValue), (40 bytes).
    Removing blue_uart.o(.rev16_text), (4 bytes).
    Removing blue_uart.o(.revsh_text), (4 bytes).
    Removing blue_uart.o(i.BLE_QueryCurrentMode), (44 bytes).
    Removing dadd.o(.text), (356 bytes).
    Removing dmul.o(.text), (208 bytes).
    Removing ddiv.o(.text), (240 bytes).
    Removing dfixul.o(.text), (64 bytes).
    Removing cdrcmple.o(.text), (40 bytes).
    Removing depilogue.o(.text), (190 bytes).
    Removing depilogue.o(i.__ARM_clz), (46 bytes).

543 unused section(s) (total 19788 bytes) removed from the image.

==============================================================================

Image Symbol Table

    Local Symbols

    Symbol Name                              Value     Ov Type        Size  Object(Section)

    ../clib/../cmprslib/zerorunl2.c          0x00000000   Number         0  __dczerorl2.o ABSOLUTE
    ../clib/microlib/division.c              0x00000000   Number         0  uldiv.o ABSOLUTE
    ../clib/microlib/division.c              0x00000000   Number         0  uidiv.o ABSOLUTE
    ../clib/microlib/division.c              0x00000000   Number         0  idiv.o ABSOLUTE
    ../clib/microlib/init/entry.s            0x00000000   Number         0  entry2.o ABSOLUTE
    ../clib/microlib/init/entry.s            0x00000000   Number         0  entry9a.o ABSOLUTE
    ../clib/microlib/init/entry.s            0x00000000   Number         0  entry8b.o ABSOLUTE
    ../clib/microlib/init/entry.s            0x00000000   Number         0  entry7b.o ABSOLUTE
    ../clib/microlib/init/entry.s            0x00000000   Number         0  entry10b.o ABSOLUTE
    ../clib/microlib/init/entry.s            0x00000000   Number         0  entry10a.o ABSOLUTE
    ../clib/microlib/init/entry.s            0x00000000   Number         0  entry7a.o ABSOLUTE
    ../clib/microlib/init/entry.s            0x00000000   Number         0  entry5.o ABSOLUTE
    ../clib/microlib/init/entry.s            0x00000000   Number         0  entry11a.o ABSOLUTE
    ../clib/microlib/init/entry.s            0x00000000   Number         0  entry.o ABSOLUTE
    ../clib/microlib/init/entry.s            0x00000000   Number         0  entry11b.o ABSOLUTE
    ../clib/microlib/init/entry.s            0x00000000   Number         0  entry8a.o ABSOLUTE
    ../clib/microlib/init/entry.s            0x00000000   Number         0  entry9b.o ABSOLUTE
    ../clib/microlib/longlong.c              0x00000000   Number         0  llsshr.o ABSOLUTE
    ../clib/microlib/longlong.c              0x00000000   Number         0  llshl.o ABSOLUTE
    ../clib/microlib/longlong.c              0x00000000   Number         0  llushr.o ABSOLUTE
    ../clib/microlib/printf/printf.c         0x00000000   Number         0  printf7.o ABSOLUTE
    ../clib/microlib/printf/printf.c         0x00000000   Number         0  printf6.o ABSOLUTE
    ../clib/microlib/printf/printf.c         0x00000000   Number         0  printf5.o ABSOLUTE
    ../clib/microlib/printf/printf.c         0x00000000   Number         0  printf4.o ABSOLUTE
    ../clib/microlib/printf/printf.c         0x00000000   Number         0  printf3.o ABSOLUTE
    ../clib/microlib/printf/printf.c         0x00000000   Number         0  printf2.o ABSOLUTE
    ../clib/microlib/printf/printf.c         0x00000000   Number         0  printf1.o ABSOLUTE
    ../clib/microlib/printf/printf.c         0x00000000   Number         0  printf8.o ABSOLUTE
    ../clib/microlib/printf/printf.c         0x00000000   Number         0  printfb.o ABSOLUTE
    ../clib/microlib/printf/printf.c         0x00000000   Number         0  printfa.o ABSOLUTE
    ../clib/microlib/printf/printf.c         0x00000000   Number         0  printf0.o ABSOLUTE
    ../clib/microlib/printf/stubs.s          0x00000000   Number         0  stubs.o ABSOLUTE
    ../clib/microlib/stdio/fputc.c           0x00000000   Number         0  fputc.o ABSOLUTE
    ../clib/microlib/stdio/semi.s            0x00000000   Number         0  semi.o ABSOLUTE
    ../clib/microlib/stdio/streams.c         0x00000000   Number         0  stdout.o ABSOLUTE
    ../clib/microlib/string/strcmp.c         0x00000000   Number         0  strcmp.o ABSOLUTE
    ../clib/microlib/stubs.s                 0x00000000   Number         0  iusesemip.o ABSOLUTE
    ../clib/microlib/stubs.s                 0x00000000   Number         0  iusefp.o ABSOLUTE
    ../fplib/microlib/fpadd.c                0x00000000   Number         0  dadd.o ABSOLUTE
    ../fplib/microlib/fpdiv.c                0x00000000   Number         0  ddiv.o ABSOLUTE
    ../fplib/microlib/fpepilogue.c           0x00000000   Number         0  depilogue.o ABSOLUTE
    ../fplib/microlib/fpfix.c                0x00000000   Number         0  dfixul.o ABSOLUTE
    ../fplib/microlib/fpmul.c                0x00000000   Number         0  dmul.o ABSOLUTE
    BLE_UART\Blue_Uart.c                     0x00000000   Number         0  blue_uart.o ABSOLUTE
    BLE_UART\\Blue_Uart.c                    0x00000000   Number         0  blue_uart.o ABSOLUTE
    STM32F0xx_StdPeriph_Driver\\src\\stm32f0xx_adc.c 0x00000000   Number         0  stm32f0xx_adc.o ABSOLUTE
    STM32F0xx_StdPeriph_Driver\\src\\stm32f0xx_can.c 0x00000000   Number         0  stm32f0xx_can.o ABSOLUTE
    STM32F0xx_StdPeriph_Driver\\src\\stm32f0xx_cec.c 0x00000000   Number         0  stm32f0xx_cec.o ABSOLUTE
    STM32F0xx_StdPeriph_Driver\\src\\stm32f0xx_comp.c 0x00000000   Number         0  stm32f0xx_comp.o ABSOLUTE
    STM32F0xx_StdPeriph_Driver\\src\\stm32f0xx_crc.c 0x00000000   Number         0  stm32f0xx_crc.o ABSOLUTE
    STM32F0xx_StdPeriph_Driver\\src\\stm32f0xx_crs.c 0x00000000   Number         0  stm32f0xx_crs.o ABSOLUTE
    STM32F0xx_StdPeriph_Driver\\src\\stm32f0xx_dac.c 0x00000000   Number         0  stm32f0xx_dac.o ABSOLUTE
    STM32F0xx_StdPeriph_Driver\\src\\stm32f0xx_dbgmcu.c 0x00000000   Number         0  stm32f0xx_dbgmcu.o ABSOLUTE
    STM32F0xx_StdPeriph_Driver\\src\\stm32f0xx_dma.c 0x00000000   Number         0  stm32f0xx_dma.o ABSOLUTE
    STM32F0xx_StdPeriph_Driver\\src\\stm32f0xx_exti.c 0x00000000   Number         0  stm32f0xx_exti.o ABSOLUTE
    STM32F0xx_StdPeriph_Driver\\src\\stm32f0xx_flash.c 0x00000000   Number         0  stm32f0xx_flash.o ABSOLUTE
    STM32F0xx_StdPeriph_Driver\\src\\stm32f0xx_gpio.c 0x00000000   Number         0  stm32f0xx_gpio.o ABSOLUTE
    STM32F0xx_StdPeriph_Driver\\src\\stm32f0xx_i2c.c 0x00000000   Number         0  stm32f0xx_i2c.o ABSOLUTE
    STM32F0xx_StdPeriph_Driver\\src\\stm32f0xx_iwdg.c 0x00000000   Number         0  stm32f0xx_iwdg.o ABSOLUTE
    STM32F0xx_StdPeriph_Driver\\src\\stm32f0xx_misc.c 0x00000000   Number         0  stm32f0xx_misc.o ABSOLUTE
    STM32F0xx_StdPeriph_Driver\\src\\stm32f0xx_pwr.c 0x00000000   Number         0  stm32f0xx_pwr.o ABSOLUTE
    STM32F0xx_StdPeriph_Driver\\src\\stm32f0xx_rcc.c 0x00000000   Number         0  stm32f0xx_rcc.o ABSOLUTE
    STM32F0xx_StdPeriph_Driver\\src\\stm32f0xx_rtc.c 0x00000000   Number         0  stm32f0xx_rtc.o ABSOLUTE
    STM32F0xx_StdPeriph_Driver\\src\\stm32f0xx_spi.c 0x00000000   Number         0  stm32f0xx_spi.o ABSOLUTE
    STM32F0xx_StdPeriph_Driver\\src\\stm32f0xx_syscfg.c 0x00000000   Number         0  stm32f0xx_syscfg.o ABSOLUTE
    STM32F0xx_StdPeriph_Driver\\src\\stm32f0xx_tim.c 0x00000000   Number         0  stm32f0xx_tim.o ABSOLUTE
    STM32F0xx_StdPeriph_Driver\\src\\stm32f0xx_usart.c 0x00000000   Number         0  stm32f0xx_usart.o ABSOLUTE
    STM32F0xx_StdPeriph_Driver\\src\\stm32f0xx_wwdg.c 0x00000000   Number         0  stm32f0xx_wwdg.o ABSOLUTE
    STM32F0xx_StdPeriph_Driver\src\stm32f0xx_adc.c 0x00000000   Number         0  stm32f0xx_adc.o ABSOLUTE
    STM32F0xx_StdPeriph_Driver\src\stm32f0xx_can.c 0x00000000   Number         0  stm32f0xx_can.o ABSOLUTE
    STM32F0xx_StdPeriph_Driver\src\stm32f0xx_cec.c 0x00000000   Number         0  stm32f0xx_cec.o ABSOLUTE
    STM32F0xx_StdPeriph_Driver\src\stm32f0xx_comp.c 0x00000000   Number         0  stm32f0xx_comp.o ABSOLUTE
    STM32F0xx_StdPeriph_Driver\src\stm32f0xx_crc.c 0x00000000   Number         0  stm32f0xx_crc.o ABSOLUTE
    STM32F0xx_StdPeriph_Driver\src\stm32f0xx_crs.c 0x00000000   Number         0  stm32f0xx_crs.o ABSOLUTE
    STM32F0xx_StdPeriph_Driver\src\stm32f0xx_dac.c 0x00000000   Number         0  stm32f0xx_dac.o ABSOLUTE
    STM32F0xx_StdPeriph_Driver\src\stm32f0xx_dbgmcu.c 0x00000000   Number         0  stm32f0xx_dbgmcu.o ABSOLUTE
    STM32F0xx_StdPeriph_Driver\src\stm32f0xx_dma.c 0x00000000   Number         0  stm32f0xx_dma.o ABSOLUTE
    STM32F0xx_StdPeriph_Driver\src\stm32f0xx_exti.c 0x00000000   Number         0  stm32f0xx_exti.o ABSOLUTE
    STM32F0xx_StdPeriph_Driver\src\stm32f0xx_flash.c 0x00000000   Number         0  stm32f0xx_flash.o ABSOLUTE
    STM32F0xx_StdPeriph_Driver\src\stm32f0xx_gpio.c 0x00000000   Number         0  stm32f0xx_gpio.o ABSOLUTE
    STM32F0xx_StdPeriph_Driver\src\stm32f0xx_i2c.c 0x00000000   Number         0  stm32f0xx_i2c.o ABSOLUTE
    STM32F0xx_StdPeriph_Driver\src\stm32f0xx_iwdg.c 0x00000000   Number         0  stm32f0xx_iwdg.o ABSOLUTE
    STM32F0xx_StdPeriph_Driver\src\stm32f0xx_misc.c 0x00000000   Number         0  stm32f0xx_misc.o ABSOLUTE
    STM32F0xx_StdPeriph_Driver\src\stm32f0xx_pwr.c 0x00000000   Number         0  stm32f0xx_pwr.o ABSOLUTE
    STM32F0xx_StdPeriph_Driver\src\stm32f0xx_rcc.c 0x00000000   Number         0  stm32f0xx_rcc.o ABSOLUTE
    STM32F0xx_StdPeriph_Driver\src\stm32f0xx_rtc.c 0x00000000   Number         0  stm32f0xx_rtc.o ABSOLUTE
    STM32F0xx_StdPeriph_Driver\src\stm32f0xx_spi.c 0x00000000   Number         0  stm32f0xx_spi.o ABSOLUTE
    STM32F0xx_StdPeriph_Driver\src\stm32f0xx_syscfg.c 0x00000000   Number         0  stm32f0xx_syscfg.o ABSOLUTE
    STM32F0xx_StdPeriph_Driver\src\stm32f0xx_tim.c 0x00000000   Number         0  stm32f0xx_tim.o ABSOLUTE
    STM32F0xx_StdPeriph_Driver\src\stm32f0xx_usart.c 0x00000000   Number         0  stm32f0xx_usart.o ABSOLUTE
    STM32F0xx_StdPeriph_Driver\src\stm32f0xx_wwdg.c 0x00000000   Number         0  stm32f0xx_wwdg.o ABSOLUTE
    STM32_IT\\stm32f0xx_it.c                 0x00000000   Number         0  stm32f0xx_it.o ABSOLUTE
    STM32_IT\stm32f0xx_it.c                  0x00000000   Number         0  stm32f0xx_it.o ABSOLUTE
    Startup\\system_stm32f0xx.c              0x00000000   Number         0  system_stm32f0xx.o ABSOLUTE
    Startup\startup_stm32f0xx.s              0x00000000   Number         0  startup_stm32f0xx.o ABSOLUTE
    Startup\system_stm32f0xx.c               0x00000000   Number         0  system_stm32f0xx.o ABSOLUTE
    User\\main.c                             0x00000000   Number         0  main.o ABSOLUTE
    User\\user.c                             0x00000000   Number         0  user.o ABSOLUTE
    User\main.c                              0x00000000   Number         0  main.o ABSOLUTE
    User\user.c                              0x00000000   Number         0  user.o ABSOLUTE
    cdrcmple.s                               0x00000000   Number         0  cdrcmple.o ABSOLUTE
    dc.s                                     0x00000000   Number         0  dc.o ABSOLUTE
    handlers.s                               0x00000000   Number         0  handlers.o ABSOLUTE
    init.s                                   0x00000000   Number         0  init.o ABSOLUTE
    RESET                                    0x08000000   Section      192  startup_stm32f0xx.o(RESET)
    .ARM.Collect$$$$00000000                 0x080000c0   Section        0  entry.o(.ARM.Collect$$$$00000000)
    .ARM.Collect$$$$00000001                 0x080000c0   Section        4  entry2.o(.ARM.Collect$$$$00000001)
    .ARM.Collect$$$$00000004                 0x080000c4   Section        4  entry5.o(.ARM.Collect$$$$00000004)
    .ARM.Collect$$$$00000008                 0x080000c8   Section        0  entry7b.o(.ARM.Collect$$$$00000008)
    .ARM.Collect$$$$0000000A                 0x080000c8   Section        0  entry8b.o(.ARM.Collect$$$$0000000A)
    .ARM.Collect$$$$0000000B                 0x080000c8   Section        8  entry9a.o(.ARM.Collect$$$$0000000B)
    .ARM.Collect$$$$0000000D                 0x080000d0   Section        0  entry10a.o(.ARM.Collect$$$$0000000D)
    .ARM.Collect$$$$0000000F                 0x080000d0   Section        0  entry11a.o(.ARM.Collect$$$$0000000F)
    .ARM.Collect$$$$00002712                 0x080000d0   Section        4  entry2.o(.ARM.Collect$$$$00002712)
    __lit__00000000                          0x080000d0   Data           4  entry2.o(.ARM.Collect$$$$00002712)
    .text                                    0x080000d4   Section       88  startup_stm32f0xx.o(.text)
    .text                                    0x0800012c   Section        0  uidiv.o(.text)
    .text                                    0x08000158   Section        0  idiv.o(.text)
    .text                                    0x08000180   Section        0  strcmp.o(.text)
    .text                                    0x0800019c   Section        0  uldiv.o(.text)
    .text                                    0x080001fc   Section       36  init.o(.text)
    .text                                    0x08000220   Section        0  llshl.o(.text)
    .text                                    0x08000240   Section        0  llushr.o(.text)
    .text                                    0x08000262   Section        0  __dczerorl2.o(.text)
    i.Arr2Flash                              0x080002b8   Section        0  user.o(i.Arr2Flash)
    i.BLE_GetModeID                          0x08000368   Section        0  blue_uart.o(i.BLE_GetModeID)
    i.BLE_GetNodeID                          0x0800037c   Section        0  blue_uart.o(i.BLE_GetNodeID)
    i.BLE_Parsing                            0x08000390   Section        0  blue_uart.o(i.BLE_Parsing)
    i.BLE_ReSendAT                           0x08000610   Section        0  blue_uart.o(i.BLE_ReSendAT)
    i.BLE_ReceivedFromCentral                0x08000658   Section        0  blue_uart.o(i.BLE_ReceivedFromCentral)
    i.BLE_ReceivedFromNode                   0x0800068c   Section        0  blue_uart.o(i.BLE_ReceivedFromNode)
    i.BLE_Response                           0x080006cc   Section        0  blue_uart.o(i.BLE_Response)
    i.BLE_ReturnRecentNotificationAT         0x08000718   Section        0  blue_uart.o(i.BLE_ReturnRecentNotificationAT)
    i.BLE_Send2Central                       0x08000740   Section        0  blue_uart.o(i.BLE_Send2Central)
    i.BLE_Send2Node                          0x08000784   Section        0  blue_uart.o(i.BLE_Send2Node)
    i.BLE_SendNewAT                          0x080007d0   Section        0  blue_uart.o(i.BLE_SendNewAT)
    i.BLE_SendReset                          0x0800085c   Section        0  blue_uart.o(i.BLE_SendReset)
    i.BLE_SetFlagTransATComplete             0x08000888   Section        0  blue_uart.o(i.BLE_SetFlagTransATComplete)
    i.BLE_USARTConfig                        0x08000894   Section        0  blue_uart.o(i.BLE_USARTConfig)
    i.BLE_USART_RX_IRQ                       0x0800098c   Section        0  blue_uart.o(i.BLE_USART_RX_IRQ)
    i.BLE_USART_TX_IRQ                       0x08000a2c   Section        0  blue_uart.o(i.BLE_USART_TX_IRQ)
    i.CRCCalculator                          0x08000a74   Section        0  blue_uart.o(i.CRCCalculator)
    i.CheckControlForIt                      0x08000abc   Section        0  user.o(i.CheckControlForIt)
    i.CheckForwardComplete                   0x08000ac8   Section        0  user.o(i.CheckForwardComplete)
    i.CheckReceiveAllAlarm                   0x08000ad4   Section        0  user.o(i.CheckReceiveAllAlarm)
    i.CheckSignIn                            0x08000ae0   Section        0  user.o(i.CheckSignIn)
    i.EXTI_ClearITPendingBit                 0x08000b0c   Section        0  stm32f0xx_exti.o(i.EXTI_ClearITPendingBit)
    i.EXTI_Init                              0x08000b18   Section        0  stm32f0xx_exti.o(i.EXTI_Init)
    i.FLASH_ClearFlag                        0x08000ba0   Section        0  stm32f0xx_flash.o(i.FLASH_ClearFlag)
    i.FLASH_ErasePage                        0x08000bac   Section        0  stm32f0xx_flash.o(i.FLASH_ErasePage)
    i.FLASH_GetStatus                        0x08000bf8   Section        0  stm32f0xx_flash.o(i.FLASH_GetStatus)
    i.FLASH_Lock                             0x08000c34   Section        0  stm32f0xx_flash.o(i.FLASH_Lock)
    i.FLASH_ProgramHalfWord                  0x08000c48   Section        0  stm32f0xx_flash.o(i.FLASH_ProgramHalfWord)
    i.FLASH_ProgramWord                      0x08000c8c   Section        0  stm32f0xx_flash.o(i.FLASH_ProgramWord)
    i.FLASH_Unlock                           0x08000cf8   Section        0  stm32f0xx_flash.o(i.FLASH_Unlock)
    i.FLASH_WaitForLastOperation             0x08000d1c   Section        0  stm32f0xx_flash.o(i.FLASH_WaitForLastOperation)
    i.FindIdFromMAC                          0x08000d44   Section        0  user.o(i.FindIdFromMAC)
    FindIdFromMAC                            0x08000d45   Thumb Code    50  user.o(i.FindIdFromMAC)
    i.FindMACFromId                          0x08000d7c   Section        0  user.o(i.FindMACFromId)
    i.Flash2Arr                              0x08000d90   Section        0  user.o(i.Flash2Arr)
    i.Flash2PinMAC                           0x08000df8   Section        0  user.o(i.Flash2PinMAC)
    i.Flash_SearchBlock                      0x08000e38   Section        0  user.o(i.Flash_SearchBlock)
    Flash_SearchBlock                        0x08000e39   Thumb Code    74  user.o(i.Flash_SearchBlock)
    i.Flash_SearchPinMACAddr                 0x08000e8c   Section        0  user.o(i.Flash_SearchPinMACAddr)
    Flash_SearchPinMACAddr                   0x08000e8d   Thumb Code    26  user.o(i.Flash_SearchPinMACAddr)
    i.GATE_AddIdNode                         0x08000eb0   Section        0  user.o(i.GATE_AddIdNode)
    i.GATE_AddMAC                            0x08000ec8   Section        0  user.o(i.GATE_AddMAC)
    i.GATE_CreateGroup                       0x08000ef8   Section        0  user.o(i.GATE_CreateGroup)
    i.GATE_Forward2Node                      0x08000fc8   Section        0  user.o(i.GATE_Forward2Node)
    i.GATE_ForwardFindNode                   0x08001000   Section        0  user.o(i.GATE_ForwardFindNode)
    GATE_ForwardFindNode                     0x08001001   Thumb Code    78  user.o(i.GATE_ForwardFindNode)
    i.GATE_RemoveIdNode                      0x0800105c   Section        0  user.o(i.GATE_RemoveIdNode)
    i.GATE_StartForward2Node                 0x08001080   Section        0  user.o(i.GATE_StartForward2Node)
    i.GPIO_Init                              0x080010b8   Section        0  stm32f0xx_gpio.o(i.GPIO_Init)
    i.GPIO_PinAFConfig                       0x08001148   Section        0  stm32f0xx_gpio.o(i.GPIO_PinAFConfig)
    i.GPIO_WriteBit                          0x0800118c   Section        0  stm32f0xx_gpio.o(i.GPIO_WriteBit)
    i.GetCMD                                 0x08001198   Section        0  user.o(i.GetCMD)
    i.GetFlagRestartForward                  0x080011a0   Section        0  user.o(i.GetFlagRestartForward)
    i.GetLSIFrequency                        0x080011ac   Section        0  user.o(i.GetLSIFrequency)
    GetLSIFrequency                          0x080011ad   Thumb Code   146  user.o(i.GetLSIFrequency)
    i.GetMAC                                 0x0800124c   Section        0  user.o(i.GetMAC)
    i.GetStatusRecentAT                      0x0800125c   Section        0  blue_uart.o(i.GetStatusRecentAT)
    i.HardFault_Handler                      0x08001268   Section        0  stm32f0xx_it.o(i.HardFault_Handler)
    i.Hex2String                             0x0800127c   Section        0  blue_uart.o(i.Hex2String)
    i.IWDG_Enable                            0x080012b0   Section        0  stm32f0xx_iwdg.o(i.IWDG_Enable)
    i.IWDG_ReloadCounter                     0x080012c0   Section        0  stm32f0xx_iwdg.o(i.IWDG_ReloadCounter)
    i.IWDG_SetPrescaler                      0x080012d0   Section        0  stm32f0xx_iwdg.o(i.IWDG_SetPrescaler)
    i.IWDG_SetReload                         0x080012dc   Section        0  stm32f0xx_iwdg.o(i.IWDG_SetReload)
    i.IWDG_WriteAccessCmd                    0x080012e8   Section        0  stm32f0xx_iwdg.o(i.IWDG_WriteAccessCmd)
    i.Illuminate_Alarm                       0x080012f4   Section        0  user.o(i.Illuminate_Alarm)
    i.Illuminate_Normal                      0x080013f8   Section        0  user.o(i.Illuminate_Normal)
    i.NMI_Handler                            0x080014a0   Section        0  stm32f0xx_it.o(i.NMI_Handler)
    i.NVIC_Init                              0x080014a4   Section        0  stm32f0xx_misc.o(i.NVIC_Init)
    i.NotifiConnect2Central                  0x08001514   Section        0  user.o(i.NotifiConnect2Central)
    i.PWR_BackupAccessCmd                    0x0800157c   Section        0  stm32f0xx_pwr.o(i.PWR_BackupAccessCmd)
    i.PendSV_Handler                         0x080015a4   Section        0  stm32f0xx_it.o(i.PendSV_Handler)
    i.PinMAC2Flash                           0x080015a8   Section        0  user.o(i.PinMAC2Flash)
    i.RCC_AHBPeriphClockCmd                  0x08001670   Section        0  stm32f0xx_rcc.o(i.RCC_AHBPeriphClockCmd)
    i.RCC_APB1PeriphClockCmd                 0x08001690   Section        0  stm32f0xx_rcc.o(i.RCC_APB1PeriphClockCmd)
    i.RCC_APB1PeriphResetCmd                 0x080016b0   Section        0  stm32f0xx_rcc.o(i.RCC_APB1PeriphResetCmd)
    i.RCC_APB2PeriphClockCmd                 0x080016d0   Section        0  stm32f0xx_rcc.o(i.RCC_APB2PeriphClockCmd)
    i.RCC_APB2PeriphResetCmd                 0x080016f0   Section        0  stm32f0xx_rcc.o(i.RCC_APB2PeriphResetCmd)
    i.RCC_ClearFlag                          0x08001710   Section        0  stm32f0xx_rcc.o(i.RCC_ClearFlag)
    i.RCC_GetClocksFreq                      0x08001724   Section        0  stm32f0xx_rcc.o(i.RCC_GetClocksFreq)
    i.RCC_GetFlagStatus                      0x0800196c   Section        0  stm32f0xx_rcc.o(i.RCC_GetFlagStatus)
    i.RCC_LSICmd                             0x080019b4   Section        0  stm32f0xx_rcc.o(i.RCC_LSICmd)
    i.RCC_RTCCLKCmd                          0x080019d8   Section        0  stm32f0xx_rcc.o(i.RCC_RTCCLKCmd)
    i.RCC_RTCCLKConfig                       0x08001a00   Section        0  stm32f0xx_rcc.o(i.RCC_RTCCLKConfig)
    i.RTC_AlarmCmd                           0x08001a10   Section        0  stm32f0xx_rtc.o(i.RTC_AlarmCmd)
    i.RTC_Bcd2ToByte                         0x08001a80   Section        0  stm32f0xx_rtc.o(i.RTC_Bcd2ToByte)
    RTC_Bcd2ToByte                           0x08001a81   Thumb Code    26  stm32f0xx_rtc.o(i.RTC_Bcd2ToByte)
    i.RTC_ByteToBcd2                         0x08001a9a   Section        0  stm32f0xx_rtc.o(i.RTC_ByteToBcd2)
    RTC_ByteToBcd2                           0x08001a9b   Thumb Code    28  stm32f0xx_rtc.o(i.RTC_ByteToBcd2)
    i.RTC_ClearITPendingBit                  0x08001ab8   Section        0  stm32f0xx_rtc.o(i.RTC_ClearITPendingBit)
    i.RTC_EnterInitMode                      0x08001adc   Section        0  stm32f0xx_rtc.o(i.RTC_EnterInitMode)
    i.RTC_ExitInitMode                       0x08001b34   Section        0  stm32f0xx_rtc.o(i.RTC_ExitInitMode)
    i.RTC_GetITStatus                        0x08001b48   Section        0  stm32f0xx_rtc.o(i.RTC_GetITStatus)
    i.RTC_GetTime                            0x08001b94   Section        0  stm32f0xx_rtc.o(i.RTC_GetTime)
    i.RTC_IRQHandler                         0x08001bf0   Section        0  stm32f0xx_it.o(i.RTC_IRQHandler)
    i.RTC_ITConfig                           0x08001c18   Section        0  stm32f0xx_rtc.o(i.RTC_ITConfig)
    i.RTC_Init                               0x08001c7c   Section        0  stm32f0xx_rtc.o(i.RTC_Init)
    i.RTC_SetAlarm                           0x08001cd4   Section        0  stm32f0xx_rtc.o(i.RTC_SetAlarm)
    i.RTC_SetTime                            0x08001dac   Section        0  stm32f0xx_rtc.o(i.RTC_SetTime)
    i.RTC_WaitForSynchro                     0x08001e84   Section        0  stm32f0xx_rtc.o(i.RTC_WaitForSynchro)
    i.SVC_Handler                            0x08001ef0   Section        0  stm32f0xx_it.o(i.SVC_Handler)
    i.SetFlagRestartForward                  0x08001ef4   Section        0  user.o(i.SetFlagRestartForward)
    i.SetSizeArrAlarm                        0x08001f00   Section        0  user.o(i.SetSizeArrAlarm)
    i.SetSysClock                            0x08001f24   Section        0  system_stm32f0xx.o(i.SetSysClock)
    SetSysClock                              0x08001f25   Thumb Code    22  system_stm32f0xx.o(i.SetSysClock)
    i.SetTimeCurrent                         0x08001f44   Section        0  user.o(i.SetTimeCurrent)
    i.SortAlarm                              0x08001f70   Section        0  user.o(i.SortAlarm)
    i.String2Hex                             0x080020f0   Section        0  blue_uart.o(i.String2Hex)
    i.SysTick_Handler                        0x08002160   Section        0  stm32f0xx_it.o(i.SysTick_Handler)
    i.SystemInit                             0x08002164   Section        0  system_stm32f0xx.o(i.SystemInit)
    i.TI1_Config                             0x080021e0   Section        0  stm32f0xx_tim.o(i.TI1_Config)
    TI1_Config                               0x080021e1   Thumb Code    52  stm32f0xx_tim.o(i.TI1_Config)
    i.TI2_Config                             0x08002218   Section        0  stm32f0xx_tim.o(i.TI2_Config)
    TI2_Config                               0x08002219   Thumb Code    66  stm32f0xx_tim.o(i.TI2_Config)
    i.TI3_Config                             0x08002264   Section        0  stm32f0xx_tim.o(i.TI3_Config)
    TI3_Config                               0x08002265   Thumb Code    64  stm32f0xx_tim.o(i.TI3_Config)
    i.TI4_Config                             0x080022ac   Section        0  stm32f0xx_tim.o(i.TI4_Config)
    TI4_Config                               0x080022ad   Thumb Code    66  stm32f0xx_tim.o(i.TI4_Config)
    i.TIM14_IRQHandler                       0x080022fc   Section        0  stm32f0xx_it.o(i.TIM14_IRQHandler)
    i.TIM_ClearITPendingBit                  0x08002398   Section        0  stm32f0xx_tim.o(i.TIM_ClearITPendingBit)
    i.TIM_Cmd                                0x080023a0   Section        0  stm32f0xx_tim.o(i.TIM_Cmd)
    i.TIM_Config                             0x080023bc   Section        0  user.o(i.TIM_Config)
    i.TIM_CtrlPWMOutputs                     0x0800246c   Section        0  stm32f0xx_tim.o(i.TIM_CtrlPWMOutputs)
    i.TIM_DeInit                             0x08002490   Section        0  stm32f0xx_tim.o(i.TIM_DeInit)
    i.TIM_GetCapture1                        0x08002594   Section        0  stm32f0xx_tim.o(i.TIM_GetCapture1)
    i.TIM_GetITStatus                        0x0800259a   Section        0  stm32f0xx_tim.o(i.TIM_GetITStatus)
    i.TIM_ICInit                             0x080025c0   Section        0  stm32f0xx_tim.o(i.TIM_ICInit)
    i.TIM_ITConfig                           0x08002630   Section        0  stm32f0xx_tim.o(i.TIM_ITConfig)
    i.TIM_OC1Init                            0x08002644   Section        0  stm32f0xx_tim.o(i.TIM_OC1Init)
    i.TIM_OC2Init                            0x080026d8   Section        0  stm32f0xx_tim.o(i.TIM_OC2Init)
    i.TIM_PrescalerConfig                    0x08002784   Section        0  stm32f0xx_tim.o(i.TIM_PrescalerConfig)
    i.TIM_RemapConfig                        0x0800278a   Section        0  stm32f0xx_tim.o(i.TIM_RemapConfig)
    i.TIM_SetIC1Prescaler                    0x08002790   Section        0  stm32f0xx_tim.o(i.TIM_SetIC1Prescaler)
    i.TIM_SetIC2Prescaler                    0x080027a4   Section        0  stm32f0xx_tim.o(i.TIM_SetIC2Prescaler)
    i.TIM_SetIC3Prescaler                    0x080027bc   Section        0  stm32f0xx_tim.o(i.TIM_SetIC3Prescaler)
    i.TIM_SetIC4Prescaler                    0x080027d0   Section        0  stm32f0xx_tim.o(i.TIM_SetIC4Prescaler)
    i.TIM_TimeBaseInit                       0x080027e8   Section        0  stm32f0xx_tim.o(i.TIM_TimeBaseInit)
    i.TimeOut_Reset                          0x08002864   Section        0  user.o(i.TimeOut_Reset)
    i.USART1_IRQHandler                      0x08002898   Section        0  stm32f0xx_it.o(i.USART1_IRQHandler)
    i.USART_Cmd                              0x080028c8   Section        0  stm32f0xx_usart.o(i.USART_Cmd)
    i.USART_DeInit                           0x080028e0   Section        0  stm32f0xx_usart.o(i.USART_DeInit)
    i.USART_GetITStatus                      0x080029d0   Section        0  stm32f0xx_usart.o(i.USART_GetITStatus)
    i.USART_ITConfig                         0x08002a1e   Section        0  stm32f0xx_usart.o(i.USART_ITConfig)
    i.USART_Init                             0x08002a60   Section        0  stm32f0xx_usart.o(i.USART_Init)
    i.USART_ReceiveData                      0x08002b58   Section        0  stm32f0xx_usart.o(i.USART_ReceiveData)
    i.USART_SendData                         0x08002b62   Section        0  stm32f0xx_usart.o(i.USART_SendData)
    i.UpdateArrAlarm                         0x08002b6c   Section        0  user.o(i.UpdateArrAlarm)
    i.UpdateSetAlarm                         0x08002be8   Section        0  user.o(i.UpdateSetAlarm)
    i._RTC_Config                            0x08002cd0   Section        0  user.o(i._RTC_Config)
    i.__0sprintf$8                           0x08002d8c   Section        0  printf8.o(i.__0sprintf$8)
    i.__ARM_common_switch8                   0x08002db4   Section        0  main.o(i.__ARM_common_switch8)
    i.__scatterload_copy                     0x08002dd0   Section       14  handlers.o(i.__scatterload_copy)
    i.__scatterload_null                     0x08002dde   Section        2  handlers.o(i.__scatterload_null)
    i.__scatterload_zeroinit                 0x08002de0   Section       14  handlers.o(i.__scatterload_zeroinit)
    i._printf_core                           0x08002df0   Section        0  printf8.o(i._printf_core)
    _printf_core                             0x08002df1   Thumb Code  1020  printf8.o(i._printf_core)
    i._printf_post_padding                   0x08003218   Section        0  printf8.o(i._printf_post_padding)
    _printf_post_padding                     0x08003219   Thumb Code    32  printf8.o(i._printf_post_padding)
    i._printf_pre_padding                    0x08003238   Section        0  printf8.o(i._printf_pre_padding)
    _printf_pre_padding                      0x08003239   Thumb Code    44  printf8.o(i._printf_pre_padding)
    i._sputc                                 0x08003264   Section        0  printf8.o(i._sputc)
    _sputc                                   0x08003265   Thumb Code    10  printf8.o(i._sputc)
    i.main                                   0x08003270   Section        0  main.o(i.main)
    i.resetParsingProcess                    0x08003608   Section        0  blue_uart.o(i.resetParsingProcess)
    .constdata                               0x080036b8   Section       28  user.o(.constdata)
    .data                                    0x20000000   Section       20  system_stm32f0xx.o(.data)
    .data                                    0x20000014   Section      360  user.o(.data)
    alarm_t                                  0x20000014   Data         304  user.o(.data)
    forward_t                                0x20000144   Data          22  user.o(.data)
    .data                                    0x2000017c   Section        8  stm32f0xx_it.o(.data)
    .data                                    0x20000184   Section       16  stm32f0xx_rcc.o(.data)
    APBAHBPrescTable                         0x20000184   Data          16  stm32f0xx_rcc.o(.data)
    .data                                    0x20000194   Section       48  blue_uart.o(.data)
    .bss                                     0x200001c4   Section      128  user.o(.bss)
    .bss                                     0x20000244   Section      245  blue_uart.o(.bss)
    STACK                                    0x20000340   Section     1024  startup_stm32f0xx.o(STACK)

    Global Symbols

    Symbol Name                              Value     Ov Type        Size  Object(Section)

    BuildAttributes$$THM_ISAv3M$S$PE$A:L22$X:L11$S22$IEEE1$IW$USESV6$~STKCKD$USESV7$~SHL$OSPACE$ROPI$EBA8$MICROLIB$REQ8$PRES8$EABIv2 0x00000000   Number         0  anon$$obj.o ABSOLUTE
    __ARM_use_no_argv                        0x00000000   Number         0  main.o ABSOLUTE
    _printf_a                                0x00000000   Number         0  stubs.o ABSOLUTE
    _printf_c                                0x00000000   Number         0  stubs.o ABSOLUTE
    _printf_charcount                        0x00000000   Number         0  stubs.o ABSOLUTE
    _printf_d                                0x00000000   Number         0  stubs.o ABSOLUTE
    _printf_e                                0x00000000   Number         0  stubs.o ABSOLUTE
    _printf_f                                0x00000000   Number         0  stubs.o ABSOLUTE
    _printf_flags                            0x00000000   Number         0  stubs.o ABSOLUTE
    _printf_fp_dec                           0x00000000   Number         0  stubs.o ABSOLUTE
    _printf_fp_hex                           0x00000000   Number         0  stubs.o ABSOLUTE
    _printf_g                                0x00000000   Number         0  stubs.o ABSOLUTE
    _printf_i                                0x00000000   Number         0  stubs.o ABSOLUTE
    _printf_int_dec                          0x00000000   Number         0  stubs.o ABSOLUTE
    _printf_l                                0x00000000   Number         0  stubs.o ABSOLUTE
    _printf_lc                               0x00000000   Number         0  stubs.o ABSOLUTE
    _printf_ll                               0x00000000   Number         0  stubs.o ABSOLUTE
    _printf_lld                              0x00000000   Number         0  stubs.o ABSOLUTE
    _printf_lli                              0x00000000   Number         0  stubs.o ABSOLUTE
    _printf_llo                              0x00000000   Number         0  stubs.o ABSOLUTE
    _printf_llu                              0x00000000   Number         0  stubs.o ABSOLUTE
    _printf_llx                              0x00000000   Number         0  stubs.o ABSOLUTE
    _printf_longlong_dec                     0x00000000   Number         0  stubs.o ABSOLUTE
    _printf_longlong_hex                     0x00000000   Number         0  stubs.o ABSOLUTE
    _printf_longlong_oct                     0x00000000   Number         0  stubs.o ABSOLUTE
    _printf_ls                               0x00000000   Number         0  stubs.o ABSOLUTE
    _printf_mbtowc                           0x00000000   Number         0  stubs.o ABSOLUTE
    _printf_n                                0x00000000   Number         0  stubs.o ABSOLUTE
    _printf_o                                0x00000000   Number         0  stubs.o ABSOLUTE
    _printf_p                                0x00000000   Number         0  stubs.o ABSOLUTE
    _printf_percent                          0x00000000   Number         0  stubs.o ABSOLUTE
    _printf_pre_padding                      0x00000000   Number         0  stubs.o ABSOLUTE
    _printf_return_value                     0x00000000   Number         0  stubs.o ABSOLUTE
    _printf_s                                0x00000000   Number         0  stubs.o ABSOLUTE
    _printf_sizespec                         0x00000000   Number         0  stubs.o ABSOLUTE
    _printf_str                              0x00000000   Number         0  stubs.o ABSOLUTE
    _printf_truncate_signed                  0x00000000   Number         0  stubs.o ABSOLUTE
    _printf_truncate_unsigned                0x00000000   Number         0  stubs.o ABSOLUTE
    _printf_u                                0x00000000   Number         0  stubs.o ABSOLUTE
    _printf_wc                               0x00000000   Number         0  stubs.o ABSOLUTE
    _printf_wctomb                           0x00000000   Number         0  stubs.o ABSOLUTE
    _printf_widthprec                        0x00000000   Number         0  stubs.o ABSOLUTE
    _printf_x                                0x00000000   Number         0  stubs.o ABSOLUTE
    __cpp_initialize__aeabi_                  - Undefined Weak Reference
    __cxa_finalize                            - Undefined Weak Reference
    _clock_init                               - Undefined Weak Reference
    _microlib_exit                            - Undefined Weak Reference
    __Vectors_Size                           0x000000c0   Number         0  startup_stm32f0xx.o ABSOLUTE
    __Vectors                                0x08000000   Data           4  startup_stm32f0xx.o(RESET)
    __Vectors_End                            0x080000c0   Data           0  startup_stm32f0xx.o(RESET)
    __main                                   0x080000c1   Thumb Code     0  entry.o(.ARM.Collect$$$$00000000)
    _main_stk                                0x080000c1   Thumb Code     0  entry2.o(.ARM.Collect$$$$00000001)
    _main_scatterload                        0x080000c5   Thumb Code     0  entry5.o(.ARM.Collect$$$$00000004)
    __main_after_scatterload                 0x080000c9   Thumb Code     0  entry5.o(.ARM.Collect$$$$00000004)
    _main_clock                              0x080000c9   Thumb Code     0  entry7b.o(.ARM.Collect$$$$00000008)
    _main_cpp_init                           0x080000c9   Thumb Code     0  entry8b.o(.ARM.Collect$$$$0000000A)
    _main_init                               0x080000c9   Thumb Code     0  entry9a.o(.ARM.Collect$$$$0000000B)
    __rt_final_cpp                           0x080000d1   Thumb Code     0  entry10a.o(.ARM.Collect$$$$0000000D)
    __rt_final_exit                          0x080000d1   Thumb Code     0  entry11a.o(.ARM.Collect$$$$0000000F)
    Reset_Handler                            0x080000d5   Thumb Code    38  startup_stm32f0xx.o(.text)
    ADC1_COMP_IRQHandler                     0x08000105   Thumb Code     0  startup_stm32f0xx.o(.text)
    CEC_IRQHandler                           0x08000105   Thumb Code     0  startup_stm32f0xx.o(.text)
    DMA1_Channel1_IRQHandler                 0x08000105   Thumb Code     0  startup_stm32f0xx.o(.text)
    DMA1_Channel2_3_IRQHandler               0x08000105   Thumb Code     0  startup_stm32f0xx.o(.text)
    DMA1_Channel4_5_IRQHandler               0x08000105   Thumb Code     0  startup_stm32f0xx.o(.text)
    EXTI0_1_IRQHandler                       0x08000105   Thumb Code     0  startup_stm32f0xx.o(.text)
    EXTI2_3_IRQHandler                       0x08000105   Thumb Code     0  startup_stm32f0xx.o(.text)
    EXTI4_15_IRQHandler                      0x08000105   Thumb Code     0  startup_stm32f0xx.o(.text)
    FLASH_IRQHandler                         0x08000105   Thumb Code     0  startup_stm32f0xx.o(.text)
    I2C1_IRQHandler                          0x08000105   Thumb Code     0  startup_stm32f0xx.o(.text)
    I2C2_IRQHandler                          0x08000105   Thumb Code     0  startup_stm32f0xx.o(.text)
    PVD_IRQHandler                           0x08000105   Thumb Code     0  startup_stm32f0xx.o(.text)
    RCC_IRQHandler                           0x08000105   Thumb Code     0  startup_stm32f0xx.o(.text)
    SPI1_IRQHandler                          0x08000105   Thumb Code     0  startup_stm32f0xx.o(.text)
    SPI2_IRQHandler                          0x08000105   Thumb Code     0  startup_stm32f0xx.o(.text)
    TIM15_IRQHandler                         0x08000105   Thumb Code     0  startup_stm32f0xx.o(.text)
    TIM16_IRQHandler                         0x08000105   Thumb Code     0  startup_stm32f0xx.o(.text)
    TIM17_IRQHandler                         0x08000105   Thumb Code     0  startup_stm32f0xx.o(.text)
    TIM1_BRK_UP_TRG_COM_IRQHandler           0x08000105   Thumb Code     0  startup_stm32f0xx.o(.text)
    TIM1_CC_IRQHandler                       0x08000105   Thumb Code     0  startup_stm32f0xx.o(.text)
    TIM2_IRQHandler                          0x08000105   Thumb Code     0  startup_stm32f0xx.o(.text)
    TIM3_IRQHandler                          0x08000105   Thumb Code     0  startup_stm32f0xx.o(.text)
    TIM6_DAC_IRQHandler                      0x08000105   Thumb Code     0  startup_stm32f0xx.o(.text)
    TS_IRQHandler                            0x08000105   Thumb Code     0  startup_stm32f0xx.o(.text)
    USART2_IRQHandler                        0x08000105   Thumb Code     0  startup_stm32f0xx.o(.text)
    WWDG_IRQHandler                          0x08000105   Thumb Code     0  startup_stm32f0xx.o(.text)
    __aeabi_uidiv                            0x0800012d   Thumb Code     0  uidiv.o(.text)
    __aeabi_uidivmod                         0x0800012d   Thumb Code    44  uidiv.o(.text)
    __aeabi_idiv                             0x08000159   Thumb Code     0  idiv.o(.text)
    __aeabi_idivmod                          0x08000159   Thumb Code    40  idiv.o(.text)
    strcmp                                   0x08000181   Thumb Code    28  strcmp.o(.text)
    __aeabi_uldivmod                         0x0800019d   Thumb Code    96  uldiv.o(.text)
    __scatterload                            0x080001fd   Thumb Code    28  init.o(.text)
    __scatterload_rt2                        0x080001fd   Thumb Code     0  init.o(.text)
    __aeabi_llsl                             0x08000221   Thumb Code    32  llshl.o(.text)
    _ll_shift_l                              0x08000221   Thumb Code     0  llshl.o(.text)
    __aeabi_llsr                             0x08000241   Thumb Code    34  llushr.o(.text)
    _ll_ushift_r                             0x08000241   Thumb Code     0  llushr.o(.text)
    __decompress                             0x08000263   Thumb Code     0  __dczerorl2.o(.text)
    __decompress1                            0x08000263   Thumb Code    86  __dczerorl2.o(.text)
    Arr2Flash                                0x080002b9   Thumb Code   162  user.o(i.Arr2Flash)
    BLE_GetModeID                            0x08000369   Thumb Code    12  blue_uart.o(i.BLE_GetModeID)
    BLE_GetNodeID                            0x0800037d   Thumb Code    12  blue_uart.o(i.BLE_GetNodeID)
    BLE_Parsing                              0x08000391   Thumb Code   548  blue_uart.o(i.BLE_Parsing)
    BLE_ReSendAT                             0x08000611   Thumb Code    50  blue_uart.o(i.BLE_ReSendAT)
    BLE_ReceivedFromCentral                  0x08000659   Thumb Code    40  blue_uart.o(i.BLE_ReceivedFromCentral)
    BLE_ReceivedFromNode                     0x0800068d   Thumb Code    46  blue_uart.o(i.BLE_ReceivedFromNode)
    BLE_Response                             0x080006cd   Thumb Code    42  blue_uart.o(i.BLE_Response)
    BLE_ReturnRecentNotificationAT           0x08000719   Thumb Code    32  blue_uart.o(i.BLE_ReturnRecentNotificationAT)
    BLE_Send2Central                         0x08000741   Thumb Code    38  blue_uart.o(i.BLE_Send2Central)
    BLE_Send2Node                            0x08000785   Thumb Code    44  blue_uart.o(i.BLE_Send2Node)
    BLE_SendNewAT                            0x080007d1   Thumb Code   104  blue_uart.o(i.BLE_SendNewAT)
    BLE_SendReset                            0x0800085d   Thumb Code    22  blue_uart.o(i.BLE_SendReset)
    BLE_SetFlagTransATComplete               0x08000889   Thumb Code     8  blue_uart.o(i.BLE_SetFlagTransATComplete)
    BLE_USARTConfig                          0x08000895   Thumb Code   238  blue_uart.o(i.BLE_USARTConfig)
    BLE_USART_RX_IRQ                         0x0800098d   Thumb Code   140  blue_uart.o(i.BLE_USART_RX_IRQ)
    BLE_USART_TX_IRQ                         0x08000a2d   Thumb Code    54  blue_uart.o(i.BLE_USART_TX_IRQ)
    CRCCalculator                            0x08000a75   Thumb Code    64  blue_uart.o(i.CRCCalculator)
    CheckControlForIt                        0x08000abd   Thumb Code     6  user.o(i.CheckControlForIt)
    CheckForwardComplete                     0x08000ac9   Thumb Code     6  user.o(i.CheckForwardComplete)
    CheckReceiveAllAlarm                     0x08000ad5   Thumb Code     6  user.o(i.CheckReceiveAllAlarm)
    CheckSignIn                              0x08000ae1   Thumb Code    38  user.o(i.CheckSignIn)
    EXTI_ClearITPendingBit                   0x08000b0d   Thumb Code     6  stm32f0xx_exti.o(i.EXTI_ClearITPendingBit)
    EXTI_Init                                0x08000b19   Thumb Code   132  stm32f0xx_exti.o(i.EXTI_Init)
    FLASH_ClearFlag                          0x08000ba1   Thumb Code     6  stm32f0xx_flash.o(i.FLASH_ClearFlag)
    FLASH_ErasePage                          0x08000bad   Thumb Code    72  stm32f0xx_flash.o(i.FLASH_ErasePage)
    FLASH_GetStatus                          0x08000bf9   Thumb Code    54  stm32f0xx_flash.o(i.FLASH_GetStatus)
    FLASH_Lock                               0x08000c35   Thumb Code    14  stm32f0xx_flash.o(i.FLASH_Lock)
    FLASH_ProgramHalfWord                    0x08000c49   Thumb Code    62  stm32f0xx_flash.o(i.FLASH_ProgramHalfWord)
    FLASH_ProgramWord                        0x08000c8d   Thumb Code   104  stm32f0xx_flash.o(i.FLASH_ProgramWord)
    FLASH_Unlock                             0x08000cf9   Thumb Code    24  stm32f0xx_flash.o(i.FLASH_Unlock)
    FLASH_WaitForLastOperation               0x08000d1d   Thumb Code    40  stm32f0xx_flash.o(i.FLASH_WaitForLastOperation)
    FindMACFromId                            0x08000d7d   Thumb Code    14  user.o(i.FindMACFromId)
    Flash2Arr                                0x08000d91   Thumb Code    90  user.o(i.Flash2Arr)
    Flash2PinMAC                             0x08000df9   Thumb Code    52  user.o(i.Flash2PinMAC)
    GATE_AddIdNode                           0x08000eb1   Thumb Code    18  user.o(i.GATE_AddIdNode)
    GATE_AddMAC                              0x08000ec9   Thumb Code    44  user.o(i.GATE_AddMAC)
    GATE_CreateGroup                         0x08000ef9   Thumb Code   196  user.o(i.GATE_CreateGroup)
    GATE_Forward2Node                        0x08000fc9   Thumb Code    50  user.o(i.GATE_Forward2Node)
    GATE_RemoveIdNode                        0x0800105d   Thumb Code    28  user.o(i.GATE_RemoveIdNode)
    GATE_StartForward2Node                   0x08001081   Thumb Code    50  user.o(i.GATE_StartForward2Node)
    GPIO_Init                                0x080010b9   Thumb Code   144  stm32f0xx_gpio.o(i.GPIO_Init)
    GPIO_PinAFConfig                         0x08001149   Thumb Code    68  stm32f0xx_gpio.o(i.GPIO_PinAFConfig)
    GPIO_WriteBit                            0x0800118d   Thumb Code    12  stm32f0xx_gpio.o(i.GPIO_WriteBit)
    GetCMD                                   0x08001199   Thumb Code     6  user.o(i.GetCMD)
    GetFlagRestartForward                    0x080011a1   Thumb Code     6  user.o(i.GetFlagRestartForward)
    GetMAC                                   0x0800124d   Thumb Code    10  user.o(i.GetMAC)
    GetStatusRecentAT                        0x0800125d   Thumb Code     6  blue_uart.o(i.GetStatusRecentAT)
    HardFault_Handler                        0x08001269   Thumb Code    14  stm32f0xx_it.o(i.HardFault_Handler)
    Hex2String                               0x0800127d   Thumb Code    38  blue_uart.o(i.Hex2String)
    IWDG_Enable                              0x080012b1   Thumb Code     8  stm32f0xx_iwdg.o(i.IWDG_Enable)
    IWDG_ReloadCounter                       0x080012c1   Thumb Code     8  stm32f0xx_iwdg.o(i.IWDG_ReloadCounter)
    IWDG_SetPrescaler                        0x080012d1   Thumb Code     6  stm32f0xx_iwdg.o(i.IWDG_SetPrescaler)
    IWDG_SetReload                           0x080012dd   Thumb Code     6  stm32f0xx_iwdg.o(i.IWDG_SetReload)
    IWDG_WriteAccessCmd                      0x080012e9   Thumb Code     6  stm32f0xx_iwdg.o(i.IWDG_WriteAccessCmd)
    Illuminate_Alarm                         0x080012f5   Thumb Code   240  user.o(i.Illuminate_Alarm)
    Illuminate_Normal                        0x080013f9   Thumb Code   154  user.o(i.Illuminate_Normal)
    NMI_Handler                              0x080014a1   Thumb Code     2  stm32f0xx_it.o(i.NMI_Handler)
    NVIC_Init                                0x080014a5   Thumb Code   106  stm32f0xx_misc.o(i.NVIC_Init)
    NotifiConnect2Central                    0x08001515   Thumb Code   104  user.o(i.NotifiConnect2Central)
    PWR_BackupAccessCmd                      0x0800157d   Thumb Code    36  stm32f0xx_pwr.o(i.PWR_BackupAccessCmd)
    PendSV_Handler                           0x080015a5   Thumb Code     2  stm32f0xx_it.o(i.PendSV_Handler)
    PinMAC2Flash                             0x080015a9   Thumb Code   180  user.o(i.PinMAC2Flash)
    RCC_AHBPeriphClockCmd                    0x08001671   Thumb Code    28  stm32f0xx_rcc.o(i.RCC_AHBPeriphClockCmd)
    RCC_APB1PeriphClockCmd                   0x08001691   Thumb Code    28  stm32f0xx_rcc.o(i.RCC_APB1PeriphClockCmd)
    RCC_APB1PeriphResetCmd                   0x080016b1   Thumb Code    28  stm32f0xx_rcc.o(i.RCC_APB1PeriphResetCmd)
    RCC_APB2PeriphClockCmd                   0x080016d1   Thumb Code    28  stm32f0xx_rcc.o(i.RCC_APB2PeriphClockCmd)
    RCC_APB2PeriphResetCmd                   0x080016f1   Thumb Code    28  stm32f0xx_rcc.o(i.RCC_APB2PeriphResetCmd)
    RCC_ClearFlag                            0x08001711   Thumb Code    16  stm32f0xx_rcc.o(i.RCC_ClearFlag)
    RCC_GetClocksFreq                        0x08001725   Thumb Code   554  stm32f0xx_rcc.o(i.RCC_GetClocksFreq)
    RCC_GetFlagStatus                        0x0800196d   Thumb Code    68  stm32f0xx_rcc.o(i.RCC_GetFlagStatus)
    RCC_LSICmd                               0x080019b5   Thumb Code    32  stm32f0xx_rcc.o(i.RCC_LSICmd)
    RCC_RTCCLKCmd                            0x080019d9   Thumb Code    36  stm32f0xx_rcc.o(i.RCC_RTCCLKCmd)
    RCC_RTCCLKConfig                         0x08001a01   Thumb Code    12  stm32f0xx_rcc.o(i.RCC_RTCCLKConfig)
    RTC_AlarmCmd                             0x08001a11   Thumb Code   106  stm32f0xx_rtc.o(i.RTC_AlarmCmd)
    RTC_ClearITPendingBit                    0x08001ab9   Thumb Code    30  stm32f0xx_rtc.o(i.RTC_ClearITPendingBit)
    RTC_EnterInitMode                        0x08001add   Thumb Code    82  stm32f0xx_rtc.o(i.RTC_EnterInitMode)
    RTC_ExitInitMode                         0x08001b35   Thumb Code    14  stm32f0xx_rtc.o(i.RTC_ExitInitMode)
    RTC_GetITStatus                          0x08001b49   Thumb Code    72  stm32f0xx_rtc.o(i.RTC_GetITStatus)
    RTC_GetTime                              0x08001b95   Thumb Code    84  stm32f0xx_rtc.o(i.RTC_GetTime)
    RTC_IRQHandler                           0x08001bf1   Thumb Code    40  stm32f0xx_it.o(i.RTC_IRQHandler)
    RTC_ITConfig                             0x08001c19   Thumb Code    94  stm32f0xx_rtc.o(i.RTC_ITConfig)
    RTC_Init                                 0x08001c7d   Thumb Code    84  stm32f0xx_rtc.o(i.RTC_Init)
    RTC_SetAlarm                             0x08001cd5   Thumb Code   210  stm32f0xx_rtc.o(i.RTC_SetAlarm)
    RTC_SetTime                              0x08001dad   Thumb Code   208  stm32f0xx_rtc.o(i.RTC_SetTime)
    RTC_WaitForSynchro                       0x08001e85   Thumb Code   104  stm32f0xx_rtc.o(i.RTC_WaitForSynchro)
    SVC_Handler                              0x08001ef1   Thumb Code     2  stm32f0xx_it.o(i.SVC_Handler)
    SetFlagRestartForward                    0x08001ef5   Thumb Code     6  user.o(i.SetFlagRestartForward)
    SetSizeArrAlarm                          0x08001f01   Thumb Code    30  user.o(i.SetSizeArrAlarm)
    SetTimeCurrent                           0x08001f45   Thumb Code    38  user.o(i.SetTimeCurrent)
    SortAlarm                                0x08001f71   Thumb Code   374  user.o(i.SortAlarm)
    String2Hex                               0x080020f1   Thumb Code   102  blue_uart.o(i.String2Hex)
    SysTick_Handler                          0x08002161   Thumb Code     2  stm32f0xx_it.o(i.SysTick_Handler)
    SystemInit                               0x08002165   Thumb Code   110  system_stm32f0xx.o(i.SystemInit)
    TIM14_IRQHandler                         0x080022fd   Thumb Code   130  stm32f0xx_it.o(i.TIM14_IRQHandler)
    TIM_ClearITPendingBit                    0x08002399   Thumb Code     6  stm32f0xx_tim.o(i.TIM_ClearITPendingBit)
    TIM_Cmd                                  0x080023a1   Thumb Code    24  stm32f0xx_tim.o(i.TIM_Cmd)
    TIM_Config                               0x080023bd   Thumb Code   166  user.o(i.TIM_Config)
    TIM_CtrlPWMOutputs                       0x0800246d   Thumb Code    34  stm32f0xx_tim.o(i.TIM_CtrlPWMOutputs)
    TIM_DeInit                               0x08002491   Thumb Code   228  stm32f0xx_tim.o(i.TIM_DeInit)
    TIM_GetCapture1                          0x08002595   Thumb Code     6  stm32f0xx_tim.o(i.TIM_GetCapture1)
    TIM_GetITStatus                          0x0800259b   Thumb Code    38  stm32f0xx_tim.o(i.TIM_GetITStatus)
    TIM_ICInit                               0x080025c1   Thumb Code   112  stm32f0xx_tim.o(i.TIM_ICInit)
    TIM_ITConfig                             0x08002631   Thumb Code    20  stm32f0xx_tim.o(i.TIM_ITConfig)
    TIM_OC1Init                              0x08002645   Thumb Code   122  stm32f0xx_tim.o(i.TIM_OC1Init)
    TIM_OC2Init                              0x080026d9   Thumb Code   142  stm32f0xx_tim.o(i.TIM_OC2Init)
    TIM_PrescalerConfig                      0x08002785   Thumb Code     6  stm32f0xx_tim.o(i.TIM_PrescalerConfig)
    TIM_RemapConfig                          0x0800278b   Thumb Code     6  stm32f0xx_tim.o(i.TIM_RemapConfig)
    TIM_SetIC1Prescaler                      0x08002791   Thumb Code    16  stm32f0xx_tim.o(i.TIM_SetIC1Prescaler)
    TIM_SetIC2Prescaler                      0x080027a5   Thumb Code    20  stm32f0xx_tim.o(i.TIM_SetIC2Prescaler)
    TIM_SetIC3Prescaler                      0x080027bd   Thumb Code    16  stm32f0xx_tim.o(i.TIM_SetIC3Prescaler)
    TIM_SetIC4Prescaler                      0x080027d1   Thumb Code    20  stm32f0xx_tim.o(i.TIM_SetIC4Prescaler)
    TIM_TimeBaseInit                         0x080027e9   Thumb Code    90  stm32f0xx_tim.o(i.TIM_TimeBaseInit)
    TimeOut_Reset                            0x08002865   Thumb Code    46  user.o(i.TimeOut_Reset)
    USART1_IRQHandler                        0x08002899   Thumb Code    36  stm32f0xx_it.o(i.USART1_IRQHandler)
    USART_Cmd                                0x080028c9   Thumb Code    24  stm32f0xx_usart.o(i.USART_Cmd)
    USART_DeInit                             0x080028e1   Thumb Code   206  stm32f0xx_usart.o(i.USART_DeInit)
    USART_GetITStatus                        0x080029d1   Thumb Code    78  stm32f0xx_usart.o(i.USART_GetITStatus)
    USART_ITConfig                           0x08002a1f   Thumb Code    66  stm32f0xx_usart.o(i.USART_ITConfig)
    USART_Init                               0x08002a61   Thumb Code   226  stm32f0xx_usart.o(i.USART_Init)
    USART_ReceiveData                        0x08002b59   Thumb Code    10  stm32f0xx_usart.o(i.USART_ReceiveData)
    USART_SendData                           0x08002b63   Thumb Code     8  stm32f0xx_usart.o(i.USART_SendData)
    UpdateArrAlarm                           0x08002b6d   Thumb Code   114  user.o(i.UpdateArrAlarm)
    UpdateSetAlarm                           0x08002be9   Thumb Code   224  user.o(i.UpdateSetAlarm)
    _RTC_Config                              0x08002cd1   Thumb Code   184  user.o(i._RTC_Config)
    __0sprintf$8                             0x08002d8d   Thumb Code    36  printf8.o(i.__0sprintf$8)
    __1sprintf$8                             0x08002d8d   Thumb Code     0  printf8.o(i.__0sprintf$8)
    __2sprintf                               0x08002d8d   Thumb Code     0  printf8.o(i.__0sprintf$8)
    __ARM_common_switch8                     0x08002db5   Thumb Code    28  main.o(i.__ARM_common_switch8)
    __scatterload_copy                       0x08002dd1   Thumb Code    14  handlers.o(i.__scatterload_copy)
    __scatterload_null                       0x08002ddf   Thumb Code     2  handlers.o(i.__scatterload_null)
    __scatterload_zeroinit                   0x08002de1   Thumb Code    14  handlers.o(i.__scatterload_zeroinit)
    main                                     0x08003271   Thumb Code   916  main.o(i.main)
    resetParsingProcess                      0x08003609   Thumb Code   122  blue_uart.o(i.resetParsingProcess)
    arrResponseOK                            0x080036b8   Data           9  user.o(.constdata)
    arrResponseERROR                         0x080036c1   Data           9  user.o(.constdata)
    MAC_ZERO                                 0x080036cc   Data           8  user.o(.constdata)
    Region$$Table$$Base                      0x080036d4   Number         0  anon$$obj.o(Region$$Table)
    Region$$Table$$Limit                     0x080036f4   Number         0  anon$$obj.o(Region$$Table)
    SystemCoreClock                          0x20000000   Data           4  system_stm32f0xx.o(.data)
    AHBPrescTable                            0x20000004   Data          16  system_stm32f0xx.o(.data)
    MyMAC                                    0x2000015c   Data           8  user.o(.data)
    arrIdNode_len                            0x20000164   Data           1  user.o(.data)
    flag_ControlForIt                        0x20000165   Data           1  user.o(.data)
    PIN                                      0x20000168   Data           4  user.o(.data)
    countTick                                0x2000016c   Data           4  user.o(.data)
    LsiFreq                                  0x20000170   Data           4  user.o(.data)
    CaptureNumber                            0x20000174   Data           4  user.o(.data)
    PeriodValue                              0x20000178   Data           4  user.o(.data)
    IC1ReadValue1                            0x2000017c   Data           4  stm32f0xx_it.o(.data)
    IC1ReadValue2                            0x20000180   Data           4  stm32f0xx_it.o(.data)
    dataUSART                                0x20000194   Data           1  blue_uart.o(.data)
    Flag_TxComplete                          0x20000195   Data           1  blue_uart.o(.data)
    BLE_pNotificationAT                      0x20000198   Data           4  blue_uart.o(.data)
    BLE_stateOfReceiver                      0x2000019c   Data           1  blue_uart.o(.data)
    BLE_CRLFCounter                          0x2000019d   Data           1  blue_uart.o(.data)
    BLE_processOfBLE                         0x2000019e   Data           1  blue_uart.o(.data)
    BLE_lengthPayloadTX                      0x2000019f   Data           1  blue_uart.o(.data)
    BLE_lengthBufferPayloadTX                0x200001a0   Data           1  blue_uart.o(.data)
    BLE_payloadTXCounter                     0x200001a1   Data           1  blue_uart.o(.data)
    Flag_TransATComplete                     0x200001a2   Data           1  blue_uart.o(.data)
    Flag_NewTransAT                          0x200001a3   Data           1  blue_uart.o(.data)
    flag_recentSendAT                        0x200001a4   Data           1  blue_uart.o(.data)
    BLE_pPayloadTXString                     0x200001a8   Data           4  blue_uart.o(.data)
    BLE_pArrayBufferForSendingCompletely     0x200001ac   Data           4  blue_uart.o(.data)
    BLE_lengthPayloadRX                      0x200001b0   Data           1  blue_uart.o(.data)
    BLE_payloadRXCounter                     0x200001b1   Data           1  blue_uart.o(.data)
    BLE_pPayloadRX                           0x200001b4   Data           4  blue_uart.o(.data)
    BLE_pPayloadRXString                     0x200001b8   Data           4  blue_uart.o(.data)
    BLE_pArrayWaitingForStopReceiving        0x200001bc   Data           4  blue_uart.o(.data)
    BLE_modeID                               0x200001c0   Data           1  blue_uart.o(.data)
    BLE_nodeID                               0x200001c1   Data           1  blue_uart.o(.data)
    newNotificaion                           0x200001c2   Data           1  blue_uart.o(.data)
    BLE_recentNotificationAT                 0x200001c3   Data           1  blue_uart.o(.data)
    arrIdNode                                0x200001c4   Data          64  user.o(.bss)
    arrMACInGroup                            0x20000204   Data          64  user.o(.bss)
    BLE_notificationAT                       0x20000244   Data           9  blue_uart.o(.bss)
    BLE_payloadTXString                      0x2000024d   Data          36  blue_uart.o(.bss)
    BLE_arrayBufferForSendingCompletely      0x20000271   Data          54  blue_uart.o(.bss)
    BLE_stringBufferSendNewAT                0x200002a7   Data          54  blue_uart.o(.bss)
    BLE_payloadRXHex                         0x200002dd   Data          18  blue_uart.o(.bss)
    BLE_payloadRXString                      0x200002ef   Data          19  blue_uart.o(.bss)
    BLE_arrayWaitingForStopReceiving         0x20000302   Data          55  blue_uart.o(.bss)
    __initial_sp                             0x20000740   Data           0  startup_stm32f0xx.o(STACK)



==============================================================================

Memory Map of the image

  Image Entry point : 0x080000c1

  Load Region LR_IROM1 (Base: 0x08000000, Size: 0x000038b8, Max: 0x00010000, ABSOLUTE, COMPRESSED[0x00003738])

    Execution Region ER_IROM1 (Exec base: 0x08000000, Load base: 0x08000000, Size: 0x000036f4, Max: 0x00010000, ABSOLUTE)

    Exec Addr    Load Addr    Size         Type   Attr      Idx    E Section Name        Object

    0x08000000   0x08000000   0x000000c0   Data   RO            3    RESET               startup_stm32f0xx.o
    0x080000c0   0x080000c0   0x00000000   Code   RO         4253  * .ARM.Collect$$$$00000000  mc_p.l(entry.o)
    0x080000c0   0x080000c0   0x00000004   Code   RO         4523    .ARM.Collect$$$$00000001  mc_p.l(entry2.o)
    0x080000c4   0x080000c4   0x00000004   Code   RO         4526    .ARM.Collect$$$$00000004  mc_p.l(entry5.o)
    0x080000c8   0x080000c8   0x00000000   Code   RO         4528    .ARM.Collect$$$$00000008  mc_p.l(entry7b.o)
    0x080000c8   0x080000c8   0x00000000   Code   RO         4530    .ARM.Collect$$$$0000000A  mc_p.l(entry8b.o)
    0x080000c8   0x080000c8   0x00000008   Code   RO         4531    .ARM.Collect$$$$0000000B  mc_p.l(entry9a.o)
    0x080000d0   0x080000d0   0x00000000   Code   RO         4533    .ARM.Collect$$$$0000000D  mc_p.l(entry10a.o)
    0x080000d0   0x080000d0   0x00000000   Code   RO         4535    .ARM.Collect$$$$0000000F  mc_p.l(entry11a.o)
    0x080000d0   0x080000d0   0x00000004   Code   RO         4524    .ARM.Collect$$$$00002712  mc_p.l(entry2.o)
    0x080000d4   0x080000d4   0x00000058   Code   RO            4    .text               startup_stm32f0xx.o
    0x0800012c   0x0800012c   0x0000002c   Code   RO         4256    .text               mc_p.l(uidiv.o)
    0x08000158   0x08000158   0x00000028   Code   RO         4258    .text               mc_p.l(idiv.o)
    0x08000180   0x08000180   0x0000001c   Code   RO         4260    .text               mc_p.l(strcmp.o)
    0x0800019c   0x0800019c   0x00000060   Code   RO         4540    .text               mc_p.l(uldiv.o)
    0x080001fc   0x080001fc   0x00000024   Code   RO         4553    .text               mc_p.l(init.o)
    0x08000220   0x08000220   0x00000020   Code   RO         4556    .text               mc_p.l(llshl.o)
    0x08000240   0x08000240   0x00000022   Code   RO         4558    .text               mc_p.l(llushr.o)
    0x08000262   0x08000262   0x00000056   Code   RO         4575    .text               mc_p.l(__dczerorl2.o)
    0x080002b8   0x080002b8   0x000000b0   Code   RO          155    i.Arr2Flash         user.o
    0x08000368   0x08000368   0x00000014   Code   RO         4097    i.BLE_GetModeID     blue_uart.o
    0x0800037c   0x0800037c   0x00000014   Code   RO         4098    i.BLE_GetNodeID     blue_uart.o
    0x08000390   0x08000390   0x00000280   Code   RO         4099    i.BLE_Parsing       blue_uart.o
    0x08000610   0x08000610   0x00000048   Code   RO         4101    i.BLE_ReSendAT      blue_uart.o
    0x08000658   0x08000658   0x00000034   Code   RO         4102    i.BLE_ReceivedFromCentral  blue_uart.o
    0x0800068c   0x0800068c   0x00000040   Code   RO         4103    i.BLE_ReceivedFromNode  blue_uart.o
    0x080006cc   0x080006cc   0x0000004c   Code   RO         4104    i.BLE_Response      blue_uart.o
    0x08000718   0x08000718   0x00000028   Code   RO         4105    i.BLE_ReturnRecentNotificationAT  blue_uart.o
    0x08000740   0x08000740   0x00000044   Code   RO         4106    i.BLE_Send2Central  blue_uart.o
    0x08000784   0x08000784   0x0000004c   Code   RO         4107    i.BLE_Send2Node     blue_uart.o
    0x080007d0   0x080007d0   0x0000008c   Code   RO         4108    i.BLE_SendNewAT     blue_uart.o
    0x0800085c   0x0800085c   0x0000002c   Code   RO         4109    i.BLE_SendReset     blue_uart.o
    0x08000888   0x08000888   0x0000000c   Code   RO         4110    i.BLE_SetFlagTransATComplete  blue_uart.o
    0x08000894   0x08000894   0x000000f8   Code   RO         4111    i.BLE_USARTConfig   blue_uart.o
    0x0800098c   0x0800098c   0x000000a0   Code   RO         4112    i.BLE_USART_RX_IRQ  blue_uart.o
    0x08000a2c   0x08000a2c   0x00000048   Code   RO         4113    i.BLE_USART_TX_IRQ  blue_uart.o
    0x08000a74   0x08000a74   0x00000048   Code   RO         4114    i.CRCCalculator     blue_uart.o
    0x08000abc   0x08000abc   0x0000000c   Code   RO          156    i.CheckControlForIt  user.o
    0x08000ac8   0x08000ac8   0x0000000c   Code   RO          157    i.CheckForwardComplete  user.o
    0x08000ad4   0x08000ad4   0x0000000c   Code   RO          158    i.CheckReceiveAllAlarm  user.o
    0x08000ae0   0x08000ae0   0x0000002c   Code   RO          159    i.CheckSignIn       user.o
    0x08000b0c   0x08000b0c   0x0000000c   Code   RO         1503    i.EXTI_ClearITPendingBit  stm32f0xx_exti.o
    0x08000b18   0x08000b18   0x00000088   Code   RO         1508    i.EXTI_Init         stm32f0xx_exti.o
    0x08000ba0   0x08000ba0   0x0000000c   Code   RO         1564    i.FLASH_ClearFlag   stm32f0xx_flash.o
    0x08000bac   0x08000bac   0x0000004c   Code   RO         1566    i.FLASH_ErasePage   stm32f0xx_flash.o
    0x08000bf8   0x08000bf8   0x0000003c   Code   RO         1569    i.FLASH_GetStatus   stm32f0xx_flash.o
    0x08000c34   0x08000c34   0x00000014   Code   RO         1571    i.FLASH_Lock        stm32f0xx_flash.o
    0x08000c48   0x08000c48   0x00000044   Code   RO         1590    i.FLASH_ProgramHalfWord  stm32f0xx_flash.o
    0x08000c8c   0x08000c8c   0x0000006c   Code   RO         1591    i.FLASH_ProgramWord  stm32f0xx_flash.o
    0x08000cf8   0x08000cf8   0x00000024   Code   RO         1593    i.FLASH_Unlock      stm32f0xx_flash.o
    0x08000d1c   0x08000d1c   0x00000028   Code   RO         1594    i.FLASH_WaitForLastOperation  stm32f0xx_flash.o
    0x08000d44   0x08000d44   0x00000038   Code   RO          161    i.FindIdFromMAC     user.o
    0x08000d7c   0x08000d7c   0x00000014   Code   RO          162    i.FindMACFromId     user.o
    0x08000d90   0x08000d90   0x00000068   Code   RO          163    i.Flash2Arr         user.o
    0x08000df8   0x08000df8   0x00000040   Code   RO          164    i.Flash2PinMAC      user.o
    0x08000e38   0x08000e38   0x00000054   Code   RO          166    i.Flash_SearchBlock  user.o
    0x08000e8c   0x08000e8c   0x00000024   Code   RO          167    i.Flash_SearchPinMACAddr  user.o
    0x08000eb0   0x08000eb0   0x00000018   Code   RO          168    i.GATE_AddIdNode    user.o
    0x08000ec8   0x08000ec8   0x00000030   Code   RO          169    i.GATE_AddMAC       user.o
    0x08000ef8   0x08000ef8   0x000000d0   Code   RO          170    i.GATE_CreateGroup  user.o
    0x08000fc8   0x08000fc8   0x00000038   Code   RO          171    i.GATE_Forward2Node  user.o
    0x08001000   0x08001000   0x0000005c   Code   RO          172    i.GATE_ForwardFindNode  user.o
    0x0800105c   0x0800105c   0x00000024   Code   RO          173    i.GATE_RemoveIdNode  user.o
    0x08001080   0x08001080   0x00000038   Code   RO          174    i.GATE_StartForward2Node  user.o
    0x080010b8   0x080010b8   0x00000090   Code   RO         1765    i.GPIO_Init         stm32f0xx_gpio.o
    0x08001148   0x08001148   0x00000044   Code   RO         1766    i.GPIO_PinAFConfig  stm32f0xx_gpio.o
    0x0800118c   0x0800118c   0x0000000c   Code   RO         1776    i.GPIO_WriteBit     stm32f0xx_gpio.o
    0x08001198   0x08001198   0x00000006   Code   RO          175    i.GetCMD            user.o
    0x0800119e   0x0800119e   0x00000002   PAD
    0x080011a0   0x080011a0   0x0000000c   Code   RO          176    i.GetFlagRestartForward  user.o
    0x080011ac   0x080011ac   0x000000a0   Code   RO          177    i.GetLSIFrequency   user.o
    0x0800124c   0x0800124c   0x00000010   Code   RO          178    i.GetMAC            user.o
    0x0800125c   0x0800125c   0x0000000c   Code   RO         4115    i.GetStatusRecentAT  blue_uart.o
    0x08001268   0x08001268   0x00000014   Code   RO          401    i.HardFault_Handler  stm32f0xx_it.o
    0x0800127c   0x0800127c   0x00000034   Code   RO         4116    i.Hex2String        blue_uart.o
    0x080012b0   0x080012b0   0x00000010   Code   RO         2125    i.IWDG_Enable       stm32f0xx_iwdg.o
    0x080012c0   0x080012c0   0x00000010   Code   RO         2127    i.IWDG_ReloadCounter  stm32f0xx_iwdg.o
    0x080012d0   0x080012d0   0x0000000c   Code   RO         2128    i.IWDG_SetPrescaler  stm32f0xx_iwdg.o
    0x080012dc   0x080012dc   0x0000000c   Code   RO         2129    i.IWDG_SetReload    stm32f0xx_iwdg.o
    0x080012e8   0x080012e8   0x0000000c   Code   RO         2131    i.IWDG_WriteAccessCmd  stm32f0xx_iwdg.o
    0x080012f4   0x080012f4   0x00000104   Code   RO          179    i.Illuminate_Alarm  user.o
    0x080013f8   0x080013f8   0x000000a8   Code   RO          180    i.Illuminate_Normal  user.o
    0x080014a0   0x080014a0   0x00000002   Code   RO          402    i.NMI_Handler       stm32f0xx_it.o
    0x080014a2   0x080014a2   0x00000002   PAD
    0x080014a4   0x080014a4   0x00000070   Code   RO         2181    i.NVIC_Init         stm32f0xx_misc.o
    0x08001514   0x08001514   0x00000068   Code   RO          181    i.NotifiConnect2Central  user.o
    0x0800157c   0x0800157c   0x00000028   Code   RO         2213    i.PWR_BackupAccessCmd  stm32f0xx_pwr.o
    0x080015a4   0x080015a4   0x00000002   Code   RO          403    i.PendSV_Handler    stm32f0xx_it.o
    0x080015a6   0x080015a6   0x00000002   PAD
    0x080015a8   0x080015a8   0x000000c8   Code   RO          182    i.PinMAC2Flash      user.o
    0x08001670   0x08001670   0x00000020   Code   RO         2288    i.RCC_AHBPeriphClockCmd  stm32f0xx_rcc.o
    0x08001690   0x08001690   0x00000020   Code   RO         2290    i.RCC_APB1PeriphClockCmd  stm32f0xx_rcc.o
    0x080016b0   0x080016b0   0x00000020   Code   RO         2291    i.RCC_APB1PeriphResetCmd  stm32f0xx_rcc.o
    0x080016d0   0x080016d0   0x00000020   Code   RO         2292    i.RCC_APB2PeriphClockCmd  stm32f0xx_rcc.o
    0x080016f0   0x080016f0   0x00000020   Code   RO         2293    i.RCC_APB2PeriphResetCmd  stm32f0xx_rcc.o
    0x08001710   0x08001710   0x00000014   Code   RO         2298    i.RCC_ClearFlag     stm32f0xx_rcc.o
    0x08001724   0x08001724   0x00000248   Code   RO         2302    i.RCC_GetClocksFreq  stm32f0xx_rcc.o
    0x0800196c   0x0800196c   0x00000048   Code   RO         2303    i.RCC_GetFlagStatus  stm32f0xx_rcc.o
    0x080019b4   0x080019b4   0x00000024   Code   RO         2316    i.RCC_LSICmd        stm32f0xx_rcc.o
    0x080019d8   0x080019d8   0x00000028   Code   RO         2322    i.RCC_RTCCLKCmd     stm32f0xx_rcc.o
    0x08001a00   0x08001a00   0x00000010   Code   RO         2323    i.RCC_RTCCLKConfig  stm32f0xx_rcc.o
    0x08001a10   0x08001a10   0x00000070   Code   RO         2549    i.RTC_AlarmCmd      stm32f0xx_rtc.o
    0x08001a80   0x08001a80   0x0000001a   Code   RO         2552    i.RTC_Bcd2ToByte    stm32f0xx_rtc.o
    0x08001a9a   0x08001a9a   0x0000001c   Code   RO         2554    i.RTC_ByteToBcd2    stm32f0xx_rtc.o
    0x08001ab6   0x08001ab6   0x00000002   PAD
    0x08001ab8   0x08001ab8   0x00000024   Code   RO         2558    i.RTC_ClearITPendingBit  stm32f0xx_rtc.o
    0x08001adc   0x08001adc   0x00000058   Code   RO         2562    i.RTC_EnterInitMode  stm32f0xx_rtc.o
    0x08001b34   0x08001b34   0x00000014   Code   RO         2563    i.RTC_ExitInitMode  stm32f0xx_rtc.o
    0x08001b48   0x08001b48   0x0000004c   Code   RO         2568    i.RTC_GetITStatus   stm32f0xx_rtc.o
    0x08001b94   0x08001b94   0x0000005c   Code   RO         2571    i.RTC_GetTime       stm32f0xx_rtc.o
    0x08001bf0   0x08001bf0   0x00000028   Code   RO          404    i.RTC_IRQHandler    stm32f0xx_it.o
    0x08001c18   0x08001c18   0x00000064   Code   RO         2575    i.RTC_ITConfig      stm32f0xx_rtc.o
    0x08001c7c   0x08001c7c   0x00000058   Code   RO         2576    i.RTC_Init          stm32f0xx_rtc.o
    0x08001cd4   0x08001cd4   0x000000d8   Code   RO         2581    i.RTC_SetAlarm      stm32f0xx_rtc.o
    0x08001dac   0x08001dac   0x000000d8   Code   RO         2583    i.RTC_SetTime       stm32f0xx_rtc.o
    0x08001e84   0x08001e84   0x0000006c   Code   RO         2597    i.RTC_WaitForSynchro  stm32f0xx_rtc.o
    0x08001ef0   0x08001ef0   0x00000002   Code   RO          405    i.SVC_Handler       stm32f0xx_it.o
    0x08001ef2   0x08001ef2   0x00000002   PAD
    0x08001ef4   0x08001ef4   0x0000000c   Code   RO          183    i.SetFlagRestartForward  user.o
    0x08001f00   0x08001f00   0x00000024   Code   RO          184    i.SetSizeArrAlarm   user.o
    0x08001f24   0x08001f24   0x00000020   Code   RO           12    i.SetSysClock       system_stm32f0xx.o
    0x08001f44   0x08001f44   0x0000002c   Code   RO          185    i.SetTimeCurrent    user.o
    0x08001f70   0x08001f70   0x00000180   Code   RO          186    i.SortAlarm         user.o
    0x080020f0   0x080020f0   0x00000070   Code   RO         4117    i.String2Hex        blue_uart.o
    0x08002160   0x08002160   0x00000002   Code   RO          406    i.SysTick_Handler   stm32f0xx_it.o
    0x08002162   0x08002162   0x00000002   PAD
    0x08002164   0x08002164   0x0000007c   Code   RO           14    i.SystemInit        system_stm32f0xx.o
    0x080021e0   0x080021e0   0x00000038   Code   RO         3156    i.TI1_Config        stm32f0xx_tim.o
    0x08002218   0x08002218   0x0000004c   Code   RO         3157    i.TI2_Config        stm32f0xx_tim.o
    0x08002264   0x08002264   0x00000048   Code   RO         3158    i.TI3_Config        stm32f0xx_tim.o
    0x080022ac   0x080022ac   0x00000050   Code   RO         3159    i.TI4_Config        stm32f0xx_tim.o
    0x080022fc   0x080022fc   0x0000009c   Code   RO          407    i.TIM14_IRQHandler  stm32f0xx_it.o
    0x08002398   0x08002398   0x00000006   Code   RO         3167    i.TIM_ClearITPendingBit  stm32f0xx_tim.o
    0x0800239e   0x0800239e   0x00000002   PAD
    0x080023a0   0x080023a0   0x0000001c   Code   RO         3172    i.TIM_Cmd           stm32f0xx_tim.o
    0x080023bc   0x080023bc   0x000000b0   Code   RO          187    i.TIM_Config        user.o
    0x0800246c   0x0800246c   0x00000022   Code   RO         3174    i.TIM_CtrlPWMOutputs  stm32f0xx_tim.o
    0x0800248e   0x0800248e   0x00000002   PAD
    0x08002490   0x08002490   0x00000104   Code   RO         3177    i.TIM_DeInit        stm32f0xx_tim.o
    0x08002594   0x08002594   0x00000006   Code   RO         3187    i.TIM_GetCapture1   stm32f0xx_tim.o
    0x0800259a   0x0800259a   0x00000026   Code   RO         3193    i.TIM_GetITStatus   stm32f0xx_tim.o
    0x080025c0   0x080025c0   0x00000070   Code   RO         3195    i.TIM_ICInit        stm32f0xx_tim.o
    0x08002630   0x08002630   0x00000014   Code   RO         3197    i.TIM_ITConfig      stm32f0xx_tim.o
    0x08002644   0x08002644   0x00000094   Code   RO         3201    i.TIM_OC1Init       stm32f0xx_tim.o
    0x080026d8   0x080026d8   0x000000ac   Code   RO         3206    i.TIM_OC2Init       stm32f0xx_tim.o
    0x08002784   0x08002784   0x00000006   Code   RO         3221    i.TIM_PrescalerConfig  stm32f0xx_tim.o
    0x0800278a   0x0800278a   0x00000006   Code   RO         3222    i.TIM_RemapConfig   stm32f0xx_tim.o
    0x08002790   0x08002790   0x00000014   Code   RO         3240    i.TIM_SetIC1Prescaler  stm32f0xx_tim.o
    0x080027a4   0x080027a4   0x00000018   Code   RO         3241    i.TIM_SetIC2Prescaler  stm32f0xx_tim.o
    0x080027bc   0x080027bc   0x00000014   Code   RO         3242    i.TIM_SetIC3Prescaler  stm32f0xx_tim.o
    0x080027d0   0x080027d0   0x00000018   Code   RO         3243    i.TIM_SetIC4Prescaler  stm32f0xx_tim.o
    0x080027e8   0x080027e8   0x0000007c   Code   RO         3245    i.TIM_TimeBaseInit  stm32f0xx_tim.o
    0x08002864   0x08002864   0x00000034   Code   RO          189    i.TimeOut_Reset     user.o
    0x08002898   0x08002898   0x00000030   Code   RO          408    i.USART1_IRQHandler  stm32f0xx_it.o
    0x080028c8   0x080028c8   0x00000018   Code   RO         3731    i.USART_Cmd         stm32f0xx_usart.o
    0x080028e0   0x080028e0   0x000000f0   Code   RO         3737    i.USART_DeInit      stm32f0xx_usart.o
    0x080029d0   0x080029d0   0x0000004e   Code   RO         3740    i.USART_GetITStatus  stm32f0xx_usart.o
    0x08002a1e   0x08002a1e   0x00000042   Code   RO         3742    i.USART_ITConfig    stm32f0xx_usart.o
    0x08002a60   0x08002a60   0x000000f8   Code   RO         3743    i.USART_Init        stm32f0xx_usart.o
    0x08002b58   0x08002b58   0x0000000a   Code   RO         3755    i.USART_ReceiveData  stm32f0xx_usart.o
    0x08002b62   0x08002b62   0x00000008   Code   RO         3760    i.USART_SendData    stm32f0xx_usart.o
    0x08002b6a   0x08002b6a   0x00000002   PAD
    0x08002b6c   0x08002b6c   0x0000007c   Code   RO          190    i.UpdateArrAlarm    user.o
    0x08002be8   0x08002be8   0x000000e8   Code   RO          191    i.UpdateSetAlarm    user.o
    0x08002cd0   0x08002cd0   0x000000bc   Code   RO          192    i._RTC_Config       user.o
    0x08002d8c   0x08002d8c   0x00000028   Code   RO         4471    i.__0sprintf$8      mc_p.l(printf8.o)
    0x08002db4   0x08002db4   0x0000001c   Code   RO          128    i.__ARM_common_switch8  main.o
    0x08002dd0   0x08002dd0   0x0000000e   Code   RO         4569    i.__scatterload_copy  mc_p.l(handlers.o)
    0x08002dde   0x08002dde   0x00000002   Code   RO         4570    i.__scatterload_null  mc_p.l(handlers.o)
    0x08002de0   0x08002de0   0x0000000e   Code   RO         4571    i.__scatterload_zeroinit  mc_p.l(handlers.o)
    0x08002dee   0x08002dee   0x00000002   PAD
    0x08002df0   0x08002df0   0x00000428   Code   RO         4476    i._printf_core      mc_p.l(printf8.o)
    0x08003218   0x08003218   0x00000020   Code   RO         4477    i._printf_post_padding  mc_p.l(printf8.o)
    0x08003238   0x08003238   0x0000002c   Code   RO         4478    i._printf_pre_padding  mc_p.l(printf8.o)
    0x08003264   0x08003264   0x0000000a   Code   RO         4480    i._sputc            mc_p.l(printf8.o)
    0x0800326e   0x0800326e   0x00000002   PAD
    0x08003270   0x08003270   0x00000398   Code   RO          108    i.main              main.o
    0x08003608   0x08003608   0x000000b0   Code   RO         4118    i.resetParsingProcess  blue_uart.o
    0x080036b8   0x080036b8   0x0000001c   Data   RO          194    .constdata          user.o
    0x080036d4   0x080036d4   0x00000020   Data   RO         4567    Region$$Table       anon$$obj.o


    Execution Region RW_IRAM1 (Exec base: 0x20000000, Load base: 0x080036f4, Size: 0x00000740, Max: 0x00002000, ABSOLUTE, COMPRESSED[0x00000044])

    Exec Addr    Load Addr    Size         Type   Attr      Idx    E Section Name        Object

    0x20000000   COMPRESSED   0x00000014   Data   RW           15    .data               system_stm32f0xx.o
    0x20000014   COMPRESSED   0x00000168   Data   RW          195    .data               user.o
    0x2000017c   COMPRESSED   0x00000008   Data   RW          409    .data               stm32f0xx_it.o
    0x20000184   COMPRESSED   0x00000010   Data   RW         2328    .data               stm32f0xx_rcc.o
    0x20000194   COMPRESSED   0x00000030   Data   RW         4120    .data               blue_uart.o
    0x200001c4        -       0x00000080   Zero   RW          193    .bss                user.o
    0x20000244        -       0x000000f5   Zero   RW         4119    .bss                blue_uart.o
    0x20000339   COMPRESSED   0x00000007   PAD
    0x20000340        -       0x00000400   Zero   RW            1    STACK               startup_stm32f0xx.o


==============================================================================

Image component sizes


      Code (inc. data)   RO Data    RW Data    ZI Data      Debug   Object Name

      2228        474          0         48        245      15028   blue_uart.o
       948         24          0          0          0       4663   main.o
        88         38        192          0       1024        632   startup_stm32f0xx.o
       148         10          0          0          0       1577   stm32f0xx_exti.o
       420         44          0          0          0       4923   stm32f0xx_flash.o
       224          0          0          0          0       2399   stm32f0xx_gpio.o
       272         44          0          8          0       3565   stm32f0xx_it.o
        68         34          0          0          0       2370   stm32f0xx_iwdg.o
       112          6          0          0          0       1008   stm32f0xx_misc.o
        40          4          0          0          0        498   stm32f0xx_pwr.o
       928         70          0         16          0       7300   stm32f0xx_rcc.o
      1206         64          0          0          0       8954   stm32f0xx_rtc.o
      1332        178          0          0          0      13223   stm32f0xx_tim.o
       674         56          0          0          0       5386   stm32f0xx_usart.o
       156         24          0         20          0     232829   system_stm32f0xx.o
      3314        298         28        360        128      20734   user.o

    ----------------------------------------------------------------------
     12176       1368        252        452       1404     325089   Object Totals
         0          0         32          0          0          0   (incl. Generated)
        18          0          0          0          7          0   (incl. Padding)

    ----------------------------------------------------------------------

      Code (inc. data)   RO Data    RW Data    ZI Data      Debug   Library Member Name

        86          0          0          0          0          0   __dczerorl2.o
         0          0          0          0          0          0   entry.o
         0          0          0          0          0          0   entry10a.o
         0          0          0          0          0          0   entry11a.o
         8          4          0          0          0          0   entry2.o
         4          0          0          0          0          0   entry5.o
         0          0          0          0          0          0   entry7b.o
         0          0          0          0          0          0   entry8b.o
         8          4          0          0          0          0   entry9a.o
        30          0          0          0          0          0   handlers.o
        40          0          0          0          0         72   idiv.o
        36          8          0          0          0         68   init.o
        32          0          0          0          0         68   llshl.o
        34          0          0          0          0         68   llushr.o
      1190         48          0          0          0        384   printf8.o
        28          0          0          0          0         68   strcmp.o
        44          0          0          0          0         72   uidiv.o
        96          0          0          0          0         84   uldiv.o

    ----------------------------------------------------------------------
      1640         64          0          0          0        884   Library Totals
         4          0          0          0          0          0   (incl. Padding)

    ----------------------------------------------------------------------

      Code (inc. data)   RO Data    RW Data    ZI Data      Debug   Library Name

      1636         64          0          0          0        884   mc_p.l

    ----------------------------------------------------------------------
      1640         64          0          0          0        884   Library Totals

    ----------------------------------------------------------------------

==============================================================================


      Code (inc. data)   RO Data    RW Data    ZI Data      Debug   

     13816       1432        252        452       1404     319817   Grand Totals
     13816       1432        252         68       1404     319817   ELF Image Totals (compressed)
     13816       1432        252         68          0          0   ROM Totals

==============================================================================

    Total RO  Size (Code + RO Data)                14068 (  13.74kB)
    Total RW  Size (RW Data + ZI Data)              1856 (   1.81kB)
    Total ROM Size (Code + RO Data + RW Data)      14136 (  13.80kB)

==============================================================================

